Archive member included to satisfy reference by file (symbol)

/usr/local/gcc_arm/gcc-arm-none-eabi-8-2019-q3-update/bin/../lib/gcc/arm-none-eabi/8.3.1/thumb/v7e-m+fp/hard/libgcc.a(_arm_addsubdf3.o)
                              CMakeFiles/final_embebidos_v2.elf.dir/Core/Src/main.c.obj (__aeabi_ui2d)
/usr/local/gcc_arm/gcc-arm-none-eabi-8-2019-q3-update/bin/../lib/gcc/arm-none-eabi/8.3.1/thumb/v7e-m+fp/hard/libgcc.a(_arm_muldivdf3.o)
                              CMakeFiles/final_embebidos_v2.elf.dir/Core/Src/main.c.obj (__aeabi_dmul)
/usr/local/gcc_arm/gcc-arm-none-eabi-8-2019-q3-update/bin/../lib/gcc/arm-none-eabi/8.3.1/thumb/v7e-m+fp/hard/libgcc.a(_arm_fixunsdfsi.o)
                              CMakeFiles/final_embebidos_v2.elf.dir/Core/Src/main.c.obj (__aeabi_d2uiz)
/usr/local/gcc_arm/gcc-arm-none-eabi-8-2019-q3-update/bin/../lib/gcc/arm-none-eabi/8.3.1/thumb/v7e-m+fp/hard/libgcc.a(_arm_truncdfsf2.o)
                              CMakeFiles/final_embebidos_v2.elf.dir/Core/Src/DHT.c.obj (__aeabi_d2f)
/usr/local/gcc_arm/gcc-arm-none-eabi-8-2019-q3-update/bin/../lib/gcc/arm-none-eabi/8.3.1/thumb/v7e-m+fp/hard/libgcc.a(_aeabi_uldivmod.o)
                              CMakeFiles/final_embebidos_v2.elf.dir/Drivers/STM32F4xx_HAL_Driver/Src/stm32f4xx_hal_rcc.c.obj (__aeabi_uldivmod)
/usr/local/gcc_arm/gcc-arm-none-eabi-8-2019-q3-update/bin/../lib/gcc/arm-none-eabi/8.3.1/thumb/v7e-m+fp/hard/libgcc.a(_udivmoddi4.o)
                              /usr/local/gcc_arm/gcc-arm-none-eabi-8-2019-q3-update/bin/../lib/gcc/arm-none-eabi/8.3.1/thumb/v7e-m+fp/hard/libgcc.a(_aeabi_uldivmod.o) (__udivmoddi4)
/usr/local/gcc_arm/gcc-arm-none-eabi-8-2019-q3-update/bin/../lib/gcc/arm-none-eabi/8.3.1/thumb/v7e-m+fp/hard/libgcc.a(_dvmd_tls.o)
                              /usr/local/gcc_arm/gcc-arm-none-eabi-8-2019-q3-update/bin/../lib/gcc/arm-none-eabi/8.3.1/thumb/v7e-m+fp/hard/libgcc.a(_aeabi_uldivmod.o) (__aeabi_ldiv0)
/usr/local/gcc_arm/gcc-arm-none-eabi-8-2019-q3-update/bin/../lib/gcc/arm-none-eabi/8.3.1/../../../../arm-none-eabi/lib/thumb/v7e-m+fp/hard/libg.a(lib_a-errno.o)
                              CMakeFiles/final_embebidos_v2.elf.dir/Core/Src/syscalls.c.obj (__errno)
/usr/local/gcc_arm/gcc-arm-none-eabi-8-2019-q3-update/bin/../lib/gcc/arm-none-eabi/8.3.1/../../../../arm-none-eabi/lib/thumb/v7e-m+fp/hard/libg.a(lib_a-exit.o)
                              /usr/local/gcc_arm/gcc-arm-none-eabi-8-2019-q3-update/bin/../lib/gcc/arm-none-eabi/8.3.1/../../../../arm-none-eabi/lib/thumb/v7e-m+fp/hard/crt0.o (exit)
/usr/local/gcc_arm/gcc-arm-none-eabi-8-2019-q3-update/bin/../lib/gcc/arm-none-eabi/8.3.1/../../../../arm-none-eabi/lib/thumb/v7e-m+fp/hard/libg.a(lib_a-impure.o)
                              /usr/local/gcc_arm/gcc-arm-none-eabi-8-2019-q3-update/bin/../lib/gcc/arm-none-eabi/8.3.1/../../../../arm-none-eabi/lib/thumb/v7e-m+fp/hard/libg.a(lib_a-exit.o) (_global_impure_ptr)
/usr/local/gcc_arm/gcc-arm-none-eabi-8-2019-q3-update/bin/../lib/gcc/arm-none-eabi/8.3.1/../../../../arm-none-eabi/lib/thumb/v7e-m+fp/hard/libg.a(lib_a-init.o)
                              /usr/local/gcc_arm/gcc-arm-none-eabi-8-2019-q3-update/bin/../lib/gcc/arm-none-eabi/8.3.1/../../../../arm-none-eabi/lib/thumb/v7e-m+fp/hard/crt0.o (__libc_init_array)
/usr/local/gcc_arm/gcc-arm-none-eabi-8-2019-q3-update/bin/../lib/gcc/arm-none-eabi/8.3.1/../../../../arm-none-eabi/lib/thumb/v7e-m+fp/hard/libg.a(lib_a-memcpy.o)
                              CMakeFiles/final_embebidos_v2.elf.dir/Middlewares/Third_Party/FreeRTOS/Source/CMSIS_RTOS_V2/cmsis_os2.c.obj (memcpy)
/usr/local/gcc_arm/gcc-arm-none-eabi-8-2019-q3-update/bin/../lib/gcc/arm-none-eabi/8.3.1/../../../../arm-none-eabi/lib/thumb/v7e-m+fp/hard/libg.a(lib_a-memset.o)
                              /usr/local/gcc_arm/gcc-arm-none-eabi-8-2019-q3-update/bin/../lib/gcc/arm-none-eabi/8.3.1/../../../../arm-none-eabi/lib/thumb/v7e-m+fp/hard/crt0.o (memset)
/usr/local/gcc_arm/gcc-arm-none-eabi-8-2019-q3-update/bin/../lib/gcc/arm-none-eabi/8.3.1/../../../../arm-none-eabi/lib/thumb/v7e-m+fp/hard/libg.a(lib_a-strlen.o)
                              CMakeFiles/final_embebidos_v2.elf.dir/Core/Src/lcd16x2_i2c.c.obj (strlen)
/usr/local/gcc_arm/gcc-arm-none-eabi-8-2019-q3-update/bin/../lib/gcc/arm-none-eabi/8.3.1/../../../../arm-none-eabi/lib/thumb/v7e-m+fp/hard/libg.a(lib_a-vsprintf.o)
                              CMakeFiles/final_embebidos_v2.elf.dir/Core/Src/lcd16x2_i2c.c.obj (vsprintf)
/usr/local/gcc_arm/gcc-arm-none-eabi-8-2019-q3-update/bin/../lib/gcc/arm-none-eabi/8.3.1/../../../../arm-none-eabi/lib/thumb/v7e-m+fp/hard/libg.a(lib_a-__call_atexit.o)
                              /usr/local/gcc_arm/gcc-arm-none-eabi-8-2019-q3-update/bin/../lib/gcc/arm-none-eabi/8.3.1/../../../../arm-none-eabi/lib/thumb/v7e-m+fp/hard/libg.a(lib_a-exit.o) (__call_exitprocs)
/usr/local/gcc_arm/gcc-arm-none-eabi-8-2019-q3-update/bin/../lib/gcc/arm-none-eabi/8.3.1/../../../../arm-none-eabi/lib/thumb/v7e-m+fp/hard/libg.a(lib_a-atexit.o)
[...]
Memory Configuration

Name             Origin             Length             Attributes
RAM              0x0000000020000000 0x0000000000020000 xrw
FLASH            0x0000000008000000 0x0000000000080000 xr
*default*        0x0000000000000000 0xffffffffffffffff

Linker script and memory map

LOAD /usr/local/gcc_arm/gcc-arm-none-eabi-8-2019-q3-update/bin/../lib/gcc/arm-none-eabi/8.3.1/thumb/v7e-m+fp/hard/crti.o
LOAD /usr/local/gcc_arm/gcc-arm-none-eabi-8-2019-q3-update/bin/../lib/gcc/arm-none-eabi/8.3.1/thumb/v7e-m+fp/hard/crtbegin.o
LOAD /usr/local/gcc_arm/gcc-arm-none-eabi-8-2019-q3-update/bin/../lib/gcc/arm-none-eabi/8.3.1/../../../../arm-none-eabi/lib/thumb/v7e-m+fp/hard/crt0.o
LOAD CMakeFiles/final_embebidos_v2.elf.dir/Core/Src/DHT.c.obj
LOAD CMakeFiles/final_embebidos_v2.elf.dir/Core/Src/Timer_Delay.c.obj
LOAD CMakeFiles/final_embebidos_v2.elf.dir/Core/Src/freertos.c.obj
LOAD CMakeFiles/final_embebidos_v2.elf.dir/Core/Src/hcsr04_sensor.c.obj
LOAD CMakeFiles/final_embebidos_v2.elf.dir/Core/Src/lcd16x2_i2c.c.obj
LOAD CMakeFiles/final_embebidos_v2.elf.dir/Core/Src/main.c.obj
LOAD CMakeFiles/final_embebidos_v2.elf.dir/Core/Src/stm32f4xx_hal_msp.c.obj
LOAD CMakeFiles/final_embebidos_v2.elf.dir/Core/Src/stm32f4xx_hal_timebase_tim.c.obj
LOAD CMakeFiles/final_embebidos_v2.elf.dir/Core/Src/stm32f4xx_it.c.obj
LOAD CMakeFiles/final_embebidos_v2.elf.dir/Core/Src/syscalls.c.obj
LOAD CMakeFiles/final_embebidos_v2.elf.dir/Core/Src/sysmem.c.obj
LOAD CMakeFiles/final_embebidos_v2.elf.dir/Core/Src/system_stm32f4xx.c.obj
LOAD CMakeFiles/final_embebidos_v2.elf.dir/Core/Startup/startup_stm32f411vetx.s.obj
LOAD CMakeFiles/final_embebidos_v2.elf.dir/Drivers/STM32F4xx_HAL_Driver/Src/stm32f4xx_hal.c.obj
LOAD CMakeFiles/final_embebidos_v2.elf.dir/Drivers/STM32F4xx_HAL_Driver/Src/stm32f4xx_hal_cortex.c.obj
LOAD CMakeFiles/final_embebidos_v2.elf.dir/Drivers/STM32F4xx_HAL_Driver/Src/stm32f4xx_hal_dma.c.obj
LOAD CMakeFiles/final_embebidos_v2.elf.dir/Drivers/STM32F4xx_HAL_Driver/Src/stm32f4xx_hal_dma_ex.c.obj
LOAD CMakeFiles/final_embebidos_v2.elf.dir/Drivers/STM32F4xx_HAL_Driver/Src/stm32f4xx_hal_exti.c.obj
LOAD CMakeFiles/final_embebidos_v2.elf.dir/Drivers/STM32F4xx_HAL_Driver/Src/stm32f4xx_hal_flash.c.obj
LOAD CMakeFiles/final_embebidos_v2.elf.dir/Drivers/STM32F4xx_HAL_Driver/Src/stm32f4xx_hal_flash_ex.c.obj
LOAD CMakeFiles/final_embebidos_v2.elf.dir/Drivers/STM32F4xx_HAL_Driver/Src/stm32f4xx_hal_flash_ramfunc.c.obj
LOAD CMakeFiles/final_embebidos_v2.elf.dir/Drivers/STM32F4xx_HAL_Driver/Src/stm32f4xx_hal_gpio.c.obj
LOAD CMakeFiles/final_embebidos_v2.elf.dir/Drivers/STM32F4xx_HAL_Driver/Src/stm32f4xx_hal_i2c.c.obj
LOAD CMakeFiles/final_embebidos_v2.elf.dir/Drivers/STM32F4xx_HAL_Driver/Src/stm32f4xx_hal_i2c_ex.c.obj
LOAD CMakeFiles/final_embebidos_v2.elf.dir/Drivers/STM32F4xx_HAL_Driver/Src/stm32f4xx_hal_pwr.c.obj
LOAD CMakeFiles/final_embebidos_v2.elf.dir/Drivers/STM32F4xx_HAL_Driver/Src/stm32f4xx_hal_pwr_ex.c.obj
LOAD CMakeFiles/final_embebidos_v2.elf.dir/Drivers/STM32F4xx_HAL_Driver/Src/stm32f4xx_hal_rcc.c.obj
LOAD CMakeFiles/final_embebidos_v2.elf.dir/Drivers/STM32F4xx_HAL_Driver/Src/stm32f4xx_hal_rcc_ex.c.obj
LOAD CMakeFiles/final_embebidos_v2.elf.dir/Drivers/STM32F4xx_HAL_Driver/Src/stm32f4xx_hal_tim.c.obj
LOAD CMakeFiles/final_embebidos_v2.elf.dir/Drivers/STM32F4xx_HAL_Driver/Src/stm32f4xx_hal_tim_ex.c.obj
LOAD CMakeFiles/final_embebidos_v2.elf.dir/Middlewares/Third_Party/FreeRTOS/Source/CMSIS_RTOS_V2/cmsis_os2.c.obj
LOAD CMakeFiles/final_embebidos_v2.elf.dir/Middlewares/Third_Party/FreeRTOS/Source/croutine.c.obj
LOAD CMakeFiles/final_embebidos_v2.elf.dir/Middlewares/Third_Party/FreeRTOS/Source/event_groups.c.obj
LOAD CMakeFiles/final_embebidos_v2.elf.dir/Middlewares/Third_Party/FreeRTOS/Source/list.c.obj
LOAD CMakeFiles/final_embebidos_v2.elf.dir/Middlewares/Third_Party/FreeRTOS/Source/portable/GCC/ARM_CM4F/port.c.obj
LOAD CMakeFiles/final_embebidos_v2.elf.dir/Middlewares/Third_Party/FreeRTOS/Source/portable/MemMang/heap_4.c.obj
LOAD CMakeFiles/final_embebidos_v2.elf.dir/Middlewares/Third_Party/FreeRTOS/Source/queue.c.obj
LOAD CMakeFiles/final_embebidos_v2.elf.dir/Middlewares/Third_Party/FreeRTOS/Source/stream_buffer.c.obj
LOAD CMakeFiles/final_embebidos_v2.elf.dir/Middlewares/Third_Party/FreeRTOS/Source/tasks.c.obj
LOAD CMakeFiles/final_embebidos_v2.elf.dir/Middlewares/Third_Party/FreeRTOS/Source/timers.c.obj
START GROUP
LOAD /usr/local/gcc_arm/gcc-arm-none-eabi-8-2019-q3-update/bin/../lib/gcc/arm-none-eabi/8.3.1/thumb/v7e-m+fp/hard/libgcc.a
LOAD /usr/local/gcc_arm/gcc-arm-none-eabi-8-2019-q3-update/bin/../lib/gcc/arm-none-eabi/8.3.1/../../../../arm-none-eabi/lib/thumb/v7e-m+fp/hard/libg.a
LOAD /usr/local/gcc_arm/gcc-arm-none-eabi-8-2019-q3-update/bin/../lib/gcc/arm-none-eabi/8.3.1/../../../../arm-none-eabi/lib/thumb/v7e-m+fp/hard/libc.a
END GROUP
LOAD /usr/local/gcc_arm/gcc-arm-none-eabi-8-2019-q3-update/bin/../lib/gcc/arm-none-eabi/8.3.1/thumb/v7e-m+fp/hard/crtend.o
LOAD /usr/local/gcc_arm/gcc-arm-none-eabi-8-2019-q3-update/bin/../lib/gcc/arm-none-eabi/8.3.1/thumb/v7e-m+fp/hard/crtn.o
                0x0000000020020000                _estack = (ORIGIN (RAM) + LENGTH (RAM))
                0x0000000000000200                _Min_Heap_Size = 0x200
                0x0000000000000400                _Min_Stack_Size = 0x400

.isr_vector     0x0000000008000000      0x198
                0x0000000008000000                . = ALIGN (0x4)
 *(.isr_vector)
 .isr_vector    0x0000000008000000      0x198 CMakeFiles/final_embebidos_v2.elf.dir/Core/Startup/startup_stm32f411vetx.s.obj
                0x0000000008000000                g_pfnVectors
                0x0000000008000198                . = ALIGN (0x4)

.text           0x00000000080001c0     0x973c
                0x00000000080001c0                . = ALIGN (0x4)
 *(.text)
 .text          0x00000000080001c0       0x40 /usr/local/gcc_arm/gcc-arm-none-eabi-8-2019-q3-update/bin/../lib/gcc/arm-none-eabi/8.3.1/thumb/v7e-m+fp/hard/crtbegin.o
 .text          0x0000000008000200      0x378 /usr/local/gcc_arm/gcc-arm-none-eabi-8-2019-q3-update/bin/../lib/gcc/arm-none-eabi/8.3.1/thumb/v7e-m+fp/hard/libgcc.a(_arm_addsubdf3.o)
                0x0000000008000200                __aeabi_drsub
                0x0000000008000208                __subdf3
                0x0000000008000208                __aeabi_dsub
                0x000000000800020c                __aeabi_dadd
                0x000000000800020c                __adddf3
                0x0000000008000484                __aeabi_ui2d
                0x0000000008000484                __floatunsidf
                0x00000000080004a4                __floatsidf
                0x00000000080004a4                __aeabi_i2d
                0x00000000080004c8                __extendsfdf2
                0x00000000080004c8                __aeabi_f2d
                0x000000000800050c                __aeabi_ul2d
                0x000000000800050c                __floatundidf
                0x000000000800051c                __aeabi_l2d
                0x000000000800051c                __floatdidf
 .text          0x0000000008000578      0x424 /usr/local/gcc_arm/gcc-arm-none-eabi-8-2019-q3-update/bin/../lib/gcc/arm-none-eabi/8.3.1/thumb/v7e-m+fp/hard/libgcc.a(_arm_muldivdf3.o)
                0x0000000008000578                __aeabi_dmul
                0x0000000008000578                __muldf3
                0x00000000080007cc                __aeabi_ddiv
                0x00000000080007cc                __divdf3
 .text          0x000000000800099c       0x40 /usr/local/gcc_arm/gcc-arm-none-eabi-8-2019-q3-update/bin/../lib/gcc/arm-none-eabi/8.3.1/thumb/v7e-m+fp/hard/libgcc.a(_arm_fixunsdfsi.o)
                0x000000000800099c                __fixunsdfsi
                0x000000000800099c                __aeabi_d2uiz
 .text          0x00000000080009dc       0xa0 /usr/local/gcc_arm/gcc-arm-none-eabi-8-2019-q3-update/bin/../lib/gcc/arm-none-eabi/8.3.1/thumb/v7e-m+fp/hard/libgcc.a(_arm_truncdfsf2.o)
                0x00000000080009dc                __aeabi_d2f
                0x00000000080009dc                __truncdfsf2
 .text          0x0000000008000a7c       0x30 /usr/local/gcc_arm/gcc-arm-none-eabi-8-2019-q3-update/bin/../lib/gcc/arm-none-eabi/8.3.1/thumb/v7e-m+fp/hard/libgcc.a(_aeabi_uldivmod.o)
                0x0000000008000a7c                __aeabi_uldivmod
 .text          0x0000000008000aac      0x2d0 /usr/local/gcc_arm/gcc-arm-none-eabi-8-2019-q3-update/bin/../lib/gcc/arm-none-eabi/8.3.1/thumb/v7e-m+fp/hard/libgcc.a(_udivmoddi4.o)
                0x0000000008000aac                __udivmoddi4
 .text          0x0000000008000d7c        0x4 /usr/local/gcc_arm/gcc-arm-none-eabi-8-2019-q3-update/bin/../lib/gcc/arm-none-eabi/8.3.1/thumb/v7e-m+fp/hard/libgcc.a(_dvmd_tls.o)
                0x0000000008000d7c                __aeabi_ldiv0
                0x0000000008000d7c                __aeabi_idiv0
 .text          0x0000000008000d80      0x134 /usr/local/gcc_arm/gcc-arm-none-eabi-8-2019-q3-update/bin/../lib/gcc/arm-none-eabi/8.3.1/../../../../arm-none-eabi/lib/thumb/v7e-m+fp/hard/libg.a(lib_a-memcpy.o)
                0x0000000008000d80                memcpy
 *fill*         0x0000000008000eb4        0xc 
 .text          0x0000000008000ec0       0xdc /usr/local/gcc_arm/gcc-arm-none-eabi-8-2019-q3-update/bin/../lib/gcc/arm-none-eabi/8.3.1/../../../../arm-none-eabi/lib/thumb/v7e-m+fp/hard/libg.a(lib_a-strlen.o)
                0x0000000008000ec0                strlen
 *fill*         0x0000000008000f9c        0x4 
 .text          0x0000000008000fa0       0xa0 /usr/local/gcc_arm/gcc-arm-none-eabi-8-2019-q3-update/bin/../lib/gcc/arm-none-eabi/8.3.1/../../../../arm-none-eabi/lib/thumb/v7e-m+fp/hard/libg.a(lib_a-memchr.o)
                0x0000000008000fa0                memchr
 .text          0x0000000008001040      0x110 /usr/local/gcc_arm/gcc-arm-none-eabi-8-2019-q3-update/bin/../lib/gcc/arm-none-eabi/8.3.1/thumb/v7e-m+fp/hard/libgcc.a(_arm_cmpdf2.o)
                0x0000000008001040                __gedf2
                0x0000000008001040                __gtdf2
                0x0000000008001048                __ledf2
                0x0000000008001048                __ltdf2
                0x0000000008001050                __cmpdf2
                0x0000000008001050                __eqdf2
                0x0000000008001050                __nedf2
                0x00000000080010cc                __aeabi_cdrcmple
                0x00000000080010dc                __aeabi_cdcmple
                0x00000000080010dc                __aeabi_cdcmpeq
                0x00000000080010ec                __aeabi_dcmpeq
                0x0000000008001100                __aeabi_dcmplt
                0x0000000008001114                __aeabi_dcmple
                0x0000000008001128                __aeabi_dcmpge
                0x000000000800113c                __aeabi_dcmpgt
 .text          0x0000000008001150       0x2c /usr/local/gcc_arm/gcc-arm-none-eabi-8-2019-q3-update/bin/../lib/gcc/arm-none-eabi/8.3.1/thumb/v7e-m+fp/hard/libgcc.a(_arm_unorddf2.o)
                0x0000000008001150                __aeabi_dcmpun
                0x0000000008001150                __unorddf2
 .text          0x000000000800117c       0x50 /usr/local/gcc_arm/gcc-arm-none-eabi-8-2019-q3-update/bin/../lib/gcc/arm-none-eabi/8.3.1/thumb/v7e-m+fp/hard/libgcc.a(_arm_fixdfsi.o)
                0x000000000800117c                __fixdfsi
                0x000000000800117c                __aeabi_d2iz
 *(.text*)
 .text.Set_Pin_Output
                0x00000000080011cc       0x1e CMakeFiles/final_embebidos_v2.elf.dir/Core/Src/DHT.c.obj
                0x00000000080011cc                Set_Pin_Output
 .text.Set_Pin_Input
                0x00000000080011ea       0x1c CMakeFiles/final_embebidos_v2.elf.dir/Core/Src/DHT.c.obj
                0x00000000080011ea                Set_Pin_Input
 *fill*         0x0000000008001206        0x2 
 .text.DHT_Start
                0x0000000008001208       0x34 CMakeFiles/final_embebidos_v2.elf.dir/Core/Src/DHT.c.obj
                0x0000000008001208                DHT_Start
 .text.DHT_Check_Response
                0x000000000800123c       0x3c CMakeFiles/final_embebidos_v2.elf.dir/Core/Src/DHT.c.obj
                0x000000000800123c                DHT_Check_Response
 .text.DHT_Read
                0x0000000008001278       0x5c CMakeFiles/final_embebidos_v2.elf.dir/Core/Src/DHT.c.obj
                0x0000000008001278                DHT_Read
 .text.DHT_GetData
                0x00000000080012d4       0xb0 CMakeFiles/final_embebidos_v2.elf.dir/Core/Src/DHT.c.obj
                0x00000000080012d4                DHT_GetData
 .text.TimerDelay_Init
                0x0000000008001384       0x90 CMakeFiles/final_embebidos_v2.elf.dir/Core/Src/Timer_Delay.c.obj
                0x0000000008001384                TimerDelay_Init
 .text.delay_us
                0x0000000008001414       0x28 CMakeFiles/final_embebidos_v2.elf.dir/Core/Src/Timer_Delay.c.obj
                0x0000000008001414                delay_us
 .text.user_define
                0x000000000800143c       0x90 CMakeFiles/final_embebidos_v2.elf.dir/Core/Src/hcsr04_sensor.c.obj
                0x000000000800143c                user_define
 .text.HCSR04_Init
                0x00000000080014cc       0x48 CMakeFiles/final_embebidos_v2.elf.dir/Core/Src/hcsr04_sensor.c.obj
                0x00000000080014cc                HCSR04_Init
 .text.delay    0x0000000008001514       0x20 CMakeFiles/final_embebidos_v2.elf.dir/Core/Src/hcsr04_sensor.c.obj
                0x0000000008001514                delay
 .text.hcsr04_read
                0x0000000008001534       0x6c CMakeFiles/final_embebidos_v2.elf.dir/Core/Src/hcsr04_sensor.c.obj
                0x0000000008001534                hcsr04_read
 .text.lcd16x2_i2c_sendCommand
                0x00000000080015a0       0x50 CMakeFiles/final_embebidos_v2.elf.dir/Core/Src/lcd16x2_i2c.c.obj
 .text.lcd16x2_i2c_sendData
                0x00000000080015f0       0x50 CMakeFiles/final_embebidos_v2.elf.dir/Core/Src/lcd16x2_i2c.c.obj
 .text.lcd16x2_i2c_init
                0x0000000008001640       0xc0 CMakeFiles/final_embebidos_v2.elf.dir/Core/Src/lcd16x2_i2c.c.obj
                0x0000000008001640                lcd16x2_i2c_init
 .text.lcd16x2_i2c_setCursor
                0x0000000008001700       0x1c CMakeFiles/final_embebidos_v2.elf.dir/Core/Src/lcd16x2_i2c.c.obj
                0x0000000008001700                lcd16x2_i2c_setCursor
 .text.lcd16x2_i2c_clear
                0x000000000800171c       0x10 CMakeFiles/final_embebidos_v2.elf.dir/Core/Src/lcd16x2_i2c.c.obj
                0x000000000800171c                lcd16x2_i2c_clear
 .text.lcd16x2_i2c_printf
                0x000000000800172c       0x40 CMakeFiles/final_embebidos_v2.elf.dir/Core/Src/lcd16x2_i2c.c.obj
                0x000000000800172c                lcd16x2_i2c_printf
 .text.MX_GPIO_Init
                0x000000000800176c       0xc4 CMakeFiles/final_embebidos_v2.elf.dir/Core/Src/main.c.obj
 .text.MX_TIM9_Init
                0x0000000008001830       0x44 CMakeFiles/final_embebidos_v2.elf.dir/Core/Src/main.c.obj
 .text.MX_TIM1_Init
                0x0000000008001874       0x54 CMakeFiles/final_embebidos_v2.elf.dir/Core/Src/main.c.obj
 .text.MX_TIM2_Init
                0x00000000080018c8       0x80 CMakeFiles/final_embebidos_v2.elf.dir/Core/Src/main.c.obj
 .text.MX_TIM3_Init
                0x0000000008001948       0x80 CMakeFiles/final_embebidos_v2.elf.dir/Core/Src/main.c.obj
 .text.MX_I2C1_Init
                0x00000000080019c8       0x34 CMakeFiles/final_embebidos_v2.elf.dir/Core/Src/main.c.obj
 .text.StartBuzzer
                0x00000000080019fc       0x78 CMakeFiles/final_embebidos_v2.elf.dir/Core/Src/main.c.obj
                0x00000000080019fc                StartBuzzer
 *fill*         0x0000000008001a74        0x4 
 .text.StartDHTtask
                0x0000000008001a78       0xc0 CMakeFiles/final_embebidos_v2.elf.dir/Core/Src/main.c.obj
                0x0000000008001a78                StartDHTtask
 .text.StartServo
                0x0000000008001b38       0x2c CMakeFiles/final_embebidos_v2.elf.dir/Core/Src/main.c.obj
                0x0000000008001b38                StartServo
 .text.Display_Temp
                0x0000000008001b64       0x24 CMakeFiles/final_embebidos_v2.elf.dir/Core/Src/main.c.obj
                0x0000000008001b64                Display_Temp
 .text.StartDisplay
                0x0000000008001b88       0x78 CMakeFiles/final_embebidos_v2.elf.dir/Core/Src/main.c.obj
                0x0000000008001b88                StartDisplay
 .text.SystemClock_Config
                0x0000000008001c00       0x98 CMakeFiles/final_embebidos_v2.elf.dir/Core/Src/main.c.obj
                0x0000000008001c00                SystemClock_Config
 .text.main     0x0000000008001c98       0xe0 CMakeFiles/final_embebidos_v2.elf.dir/Core/Src/main.c.obj
                0x0000000008001c98                main
 .text.HAL_TIM_PeriodElapsedCallback
                0x0000000008001d78       0x18 CMakeFiles/final_embebidos_v2.elf.dir/Core/Src/main.c.obj
                0x0000000008001d78                HAL_TIM_PeriodElapsedCallback
 .text.Error_Handler
                0x0000000008001d90        0x2 CMakeFiles/final_embebidos_v2.elf.dir/Core/Src/main.c.obj
                0x0000000008001d90                Error_Handler
 *fill*         0x0000000008001d92        0x2 
 .text.HAL_MspInit
                0x0000000008001d94       0x38 CMakeFiles/final_embebidos_v2.elf.dir/Core/Src/stm32f4xx_hal_msp.c.obj
                0x0000000008001d94                HAL_MspInit
 .text.HAL_I2C_MspInit
                0x0000000008001dcc       0x74 CMakeFiles/final_embebidos_v2.elf.dir/Core/Src/stm32f4xx_hal_msp.c.obj
                0x0000000008001dcc                HAL_I2C_MspInit
 .text.HAL_TIM_Base_MspInit
                0x0000000008001e40       0xac CMakeFiles/final_embebidos_v2.elf.dir/Core/Src/stm32f4xx_hal_msp.c.obj
                0x0000000008001e40                HAL_TIM_Base_MspInit
 .text.HAL_TIM_MspPostInit
                0x0000000008001eec       0x8c CMakeFiles/final_embebidos_v2.elf.dir/Core/Src/stm32f4xx_hal_msp.c.obj
                0x0000000008001eec                HAL_TIM_MspPostInit
 .text.HAL_InitTick
                0x0000000008001f78       0x7c CMakeFiles/final_embebidos_v2.elf.dir/Core/Src/stm32f4xx_hal_timebase_tim.c.obj
                0x0000000008001f78                HAL_InitTick
 .text.NMI_Handler
                0x0000000008001ff4        0x2 CMakeFiles/final_embebidos_v2.elf.dir/Core/Src/stm32f4xx_it.c.obj
                0x0000000008001ff4                NMI_Handler
 .text.HardFault_Handler
                0x0000000008001ff6        0x2 CMakeFiles/final_embebidos_v2.elf.dir/Core/Src/stm32f4xx_it.c.obj
                0x0000000008001ff6                HardFault_Handler
 .text.MemManage_Handler
                0x0000000008001ff8        0x2 CMakeFiles/final_embebidos_v2.elf.dir/Core/Src/stm32f4xx_it.c.obj
                0x0000000008001ff8                MemManage_Handler
 .text.BusFault_Handler
                0x0000000008001ffa        0x2 CMakeFiles/final_embebidos_v2.elf.dir/Core/Src/stm32f4xx_it.c.obj
                0x0000000008001ffa                BusFault_Handler
 .text.UsageFault_Handler
                0x0000000008001ffc        0x2 CMakeFiles/final_embebidos_v2.elf.dir/Core/Src/stm32f4xx_it.c.obj
                0x0000000008001ffc                UsageFault_Handler
 .text.DebugMon_Handler
                0x0000000008001ffe        0x2 CMakeFiles/final_embebidos_v2.elf.dir/Core/Src/stm32f4xx_it.c.obj
                0x0000000008001ffe                DebugMon_Handler
 .text.TIM1_UP_TIM10_IRQHandler
                0x0000000008002000       0x18 CMakeFiles/final_embebidos_v2.elf.dir/Core/Src/stm32f4xx_it.c.obj
                0x0000000008002000                TIM1_UP_TIM10_IRQHandler
 .text._sbrk    0x0000000008002018       0x48 CMakeFiles/final_embebidos_v2.elf.dir/Core/Src/sysmem.c.obj
                0x0000000008002018                _sbrk
 .text.SystemInit
                0x0000000008002060       0x1c CMakeFiles/final_embebidos_v2.elf.dir/Core/Src/system_stm32f4xx.c.obj
                0x0000000008002060                SystemInit
 .text.Reset_Handler
                0x000000000800207c       0x50 CMakeFiles/final_embebidos_v2.elf.dir/Core/Startup/startup_stm32f411vetx.s.obj
                0x000000000800207c                Reset_Handler
 .text.Default_Handler
                0x00000000080020cc        0x2 CMakeFiles/final_embebidos_v2.elf.dir/Core/Startup/startup_stm32f411vetx.s.obj
                0x00000000080020cc                DMA1_Stream3_IRQHandler
                0x00000000080020cc                EXTI2_IRQHandler
                0x00000000080020cc                SPI4_IRQHandler
                0x00000000080020cc                TIM1_CC_IRQHandler
                0x00000000080020cc                DMA2_Stream5_IRQHandler
                0x00000000080020cc                DMA1_Stream5_IRQHandler
                0x00000000080020cc                PVD_IRQHandler
                0x00000000080020cc                SDIO_IRQHandler
                0x00000000080020cc                TAMP_STAMP_IRQHandler
                0x00000000080020cc                EXTI3_IRQHandler
                0x00000000080020cc                I2C3_ER_IRQHandler
                0x00000000080020cc                EXTI0_IRQHandler
                0x00000000080020cc                I2C2_EV_IRQHandler
                0x00000000080020cc                DMA1_Stream2_IRQHandler
                0x00000000080020cc                FPU_IRQHandler
                0x00000000080020cc                DMA2_Stream2_IRQHandler
                0x00000000080020cc                SPI1_IRQHandler
                0x00000000080020cc                TIM1_BRK_TIM9_IRQHandler
                0x00000000080020cc                DMA2_Stream3_IRQHandler
                0x00000000080020cc                USART6_IRQHandler
                0x00000000080020cc                DMA2_Stream0_IRQHandler
                0x00000000080020cc                TIM4_IRQHandler
                0x00000000080020cc                I2C1_EV_IRQHandler
                0x00000000080020cc                DMA1_Stream6_IRQHandler
                0x00000000080020cc                DMA1_Stream1_IRQHandler
                0x00000000080020cc                TIM3_IRQHandler
                0x00000000080020cc                RCC_IRQHandler
                0x00000000080020cc                Default_Handler
                0x00000000080020cc                EXTI15_10_IRQHandler
                0x00000000080020cc                ADC_IRQHandler
                0x00000000080020cc                DMA1_Stream7_IRQHandler
                0x00000000080020cc                SPI5_IRQHandler
                0x00000000080020cc                TIM5_IRQHandler
                0x00000000080020cc                DMA2_Stream7_IRQHandler
                0x00000000080020cc                I2C3_EV_IRQHandler
                0x00000000080020cc                EXTI9_5_IRQHandler
                0x00000000080020cc                RTC_WKUP_IRQHandler
                0x00000000080020cc                SPI2_IRQHandler
                0x00000000080020cc                DMA1_Stream0_IRQHandler
                0x00000000080020cc                EXTI4_IRQHandler
                0x00000000080020cc                WWDG_IRQHandler
                0x00000000080020cc                TIM2_IRQHandler
                0x00000000080020cc                OTG_FS_WKUP_IRQHandler
                0x00000000080020cc                TIM1_TRG_COM_TIM11_IRQHandler
                0x00000000080020cc                EXTI1_IRQHandler
                0x00000000080020cc                USART2_IRQHandler
                0x00000000080020cc                I2C2_ER_IRQHandler
                0x00000000080020cc                DMA2_Stream1_IRQHandler
                0x00000000080020cc                FLASH_IRQHandler
                0x00000000080020cc                DMA2_Stream4_IRQHandler
                0x00000000080020cc                USART1_IRQHandler
                0x00000000080020cc                OTG_FS_IRQHandler
                0x00000000080020cc                SPI3_IRQHandler
                0x00000000080020cc                DMA1_Stream4_IRQHandler
                0x00000000080020cc                I2C1_ER_IRQHandler
                0x00000000080020cc                DMA2_Stream6_IRQHandler
                0x00000000080020cc                RTC_Alarm_IRQHandler
 *fill*         0x00000000080020ce        0x2 
 .text.HAL_Init
                0x00000000080020d0       0x34 CMakeFiles/final_embebidos_v2.elf.dir/Drivers/STM32F4xx_HAL_Driver/Src/stm32f4xx_hal.c.obj
                0x00000000080020d0                HAL_Init
 .text.HAL_IncTick
                0x0000000008002104       0x18 CMakeFiles/final_embebidos_v2.elf.dir/Drivers/STM32F4xx_HAL_Driver/Src/stm32f4xx_hal.c.obj
                0x0000000008002104                HAL_IncTick
 .text.HAL_GetTick
                0x000000000800211c        0xc CMakeFiles/final_embebidos_v2.elf.dir/Drivers/STM32F4xx_HAL_Driver/Src/stm32f4xx_hal.c.obj
                0x000000000800211c                HAL_GetTick
 .text.HAL_Delay
                0x0000000008002128       0x28 CMakeFiles/final_embebidos_v2.elf.dir/Drivers/STM32F4xx_HAL_Driver/Src/stm32f4xx_hal.c.obj
                0x0000000008002128                HAL_Delay
 .text.HAL_NVIC_SetPriorityGrouping
                0x0000000008002150       0x24 CMakeFiles/final_embebidos_v2.elf.dir/Drivers/STM32F4xx_HAL_Driver/Src/stm32f4xx_hal_cortex.c.obj
                0x0000000008002150                HAL_NVIC_SetPriorityGrouping
 .text.HAL_NVIC_SetPriority
                0x0000000008002174       0x68 CMakeFiles/final_embebidos_v2.elf.dir/Drivers/STM32F4xx_HAL_Driver/Src/stm32f4xx_hal_cortex.c.obj
                0x0000000008002174                HAL_NVIC_SetPriority
 .text.HAL_NVIC_EnableIRQ
                0x00000000080021dc       0x1c CMakeFiles/final_embebidos_v2.elf.dir/Drivers/STM32F4xx_HAL_Driver/Src/stm32f4xx_hal_cortex.c.obj
                0x00000000080021dc                HAL_NVIC_EnableIRQ
 .text.HAL_GPIO_Init
                0x00000000080021f8      0x1a4 CMakeFiles/final_embebidos_v2.elf.dir/Drivers/STM32F4xx_HAL_Driver/Src/stm32f4xx_hal_gpio.c.obj
                0x00000000080021f8                HAL_GPIO_Init
 .text.HAL_GPIO_ReadPin
                0x000000000800239c        0xe CMakeFiles/final_embebidos_v2.elf.dir/Drivers/STM32F4xx_HAL_Driver/Src/stm32f4xx_hal_gpio.c.obj
                0x000000000800239c                HAL_GPIO_ReadPin
 .text.HAL_GPIO_WritePin
                0x00000000080023aa        0xc CMakeFiles/final_embebidos_v2.elf.dir/Drivers/STM32F4xx_HAL_Driver/Src/stm32f4xx_hal_gpio.c.obj
                0x00000000080023aa                HAL_GPIO_WritePin
 .text.I2C_IsAcknowledgeFailed
                0x00000000080023b6       0x32 CMakeFiles/final_embebidos_v2.elf.dir/Drivers/STM32F4xx_HAL_Driver/Src/stm32f4xx_hal_i2c.c.obj
 .text.I2C_WaitOnFlagUntilTimeout
                0x00000000080023e8       0x70 CMakeFiles/final_embebidos_v2.elf.dir/Drivers/STM32F4xx_HAL_Driver/Src/stm32f4xx_hal_i2c.c.obj
 .text.I2C_WaitOnMasterAddressFlagUntilTimeout
                0x0000000008002458       0xa4 CMakeFiles/final_embebidos_v2.elf.dir/Drivers/STM32F4xx_HAL_Driver/Src/stm32f4xx_hal_i2c.c.obj
 .text.I2C_MasterRequestWrite
                0x00000000080024fc       0xb8 CMakeFiles/final_embebidos_v2.elf.dir/Drivers/STM32F4xx_HAL_Driver/Src/stm32f4xx_hal_i2c.c.obj
 .text.I2C_WaitOnTXEFlagUntilTimeout
                0x00000000080025b4       0x54 CMakeFiles/final_embebidos_v2.elf.dir/Drivers/STM32F4xx_HAL_Driver/Src/stm32f4xx_hal_i2c.c.obj
 .text.I2C_WaitOnBTFFlagUntilTimeout
                0x0000000008002608       0x54 CMakeFiles/final_embebidos_v2.elf.dir/Drivers/STM32F4xx_HAL_Driver/Src/stm32f4xx_hal_i2c.c.obj
 .text.HAL_I2C_Init
                0x000000000800265c      0x1b8 CMakeFiles/final_embebidos_v2.elf.dir/Drivers/STM32F4xx_HAL_Driver/Src/stm32f4xx_hal_i2c.c.obj
                0x000000000800265c                HAL_I2C_Init
 .text.HAL_I2C_Master_Transmit
                0x0000000008002814      0x170 CMakeFiles/final_embebidos_v2.elf.dir/Drivers/STM32F4xx_HAL_Driver/Src/stm32f4xx_hal_i2c.c.obj
                0x0000000008002814                HAL_I2C_Master_Transmit
 .text.HAL_I2C_IsDeviceReady
                0x0000000008002984      0x194 CMakeFiles/final_embebidos_v2.elf.dir/Drivers/STM32F4xx_HAL_Driver/Src/stm32f4xx_hal_i2c.c.obj
                0x0000000008002984                HAL_I2C_IsDeviceReady
 .text.HAL_RCC_OscConfig
                0x0000000008002b18      0x3ec CMakeFiles/final_embebidos_v2.elf.dir/Drivers/STM32F4xx_HAL_Driver/Src/stm32f4xx_hal_rcc.c.obj
                0x0000000008002b18                HAL_RCC_OscConfig
 .text.HAL_RCC_GetSysClockFreq
                0x0000000008002f04       0xd4 CMakeFiles/final_embebidos_v2.elf.dir/Drivers/STM32F4xx_HAL_Driver/Src/stm32f4xx_hal_rcc.c.obj
                0x0000000008002f04                HAL_RCC_GetSysClockFreq
 .text.HAL_RCC_ClockConfig
                0x0000000008002fd8      0x160 CMakeFiles/final_embebidos_v2.elf.dir/Drivers/STM32F4xx_HAL_Driver/Src/stm32f4xx_hal_rcc.c.obj
                0x0000000008002fd8                HAL_RCC_ClockConfig
 .text.HAL_RCC_GetHCLKFreq
                0x0000000008003138        0xc CMakeFiles/final_embebidos_v2.elf.dir/Drivers/STM32F4xx_HAL_Driver/Src/stm32f4xx_hal_rcc.c.obj
                0x0000000008003138                HAL_RCC_GetHCLKFreq
 .text.HAL_RCC_GetPCLK1Freq
                0x0000000008003144       0x20 CMakeFiles/final_embebidos_v2.elf.dir/Drivers/STM32F4xx_HAL_Driver/Src/stm32f4xx_hal_rcc.c.obj
                0x0000000008003144                HAL_RCC_GetPCLK1Freq
 .text.HAL_RCC_GetPCLK2Freq
                0x0000000008003164       0x20 CMakeFiles/final_embebidos_v2.elf.dir/Drivers/STM32F4xx_HAL_Driver/Src/stm32f4xx_hal_rcc.c.obj
                0x0000000008003164                HAL_RCC_GetPCLK2Freq
 .text.HAL_RCC_GetClockConfig
                0x0000000008003184       0x3c CMakeFiles/final_embebidos_v2.elf.dir/Drivers/STM32F4xx_HAL_Driver/Src/stm32f4xx_hal_rcc.c.obj
                0x0000000008003184                HAL_RCC_GetClockConfig
 .text.TIM_OC1_SetConfig
                0x00000000080031c0       0x5c CMakeFiles/final_embebidos_v2.elf.dir/Drivers/STM32F4xx_HAL_Driver/Src/stm32f4xx_hal_tim.c.obj
 .text.TIM_OC3_SetConfig
                0x000000000800321c       0x64 CMakeFiles/final_embebidos_v2.elf.dir/Drivers/STM32F4xx_HAL_Driver/Src/stm32f4xx_hal_tim.c.obj
 .text.TIM_OC4_SetConfig
                0x0000000008003280       0x48 CMakeFiles/final_embebidos_v2.elf.dir/Drivers/STM32F4xx_HAL_Driver/Src/stm32f4xx_hal_tim.c.obj
 .text.TIM_TI1_ConfigInputStage
                0x00000000080032c8       0x26 CMakeFiles/final_embebidos_v2.elf.dir/Drivers/STM32F4xx_HAL_Driver/Src/stm32f4xx_hal_tim.c.obj
 .text.TIM_TI2_ConfigInputStage
                0x00000000080032ee       0x28 CMakeFiles/final_embebidos_v2.elf.dir/Drivers/STM32F4xx_HAL_Driver/Src/stm32f4xx_hal_tim.c.obj
 .text.TIM_ITRx_SetConfig
                0x0000000008003316       0x10 CMakeFiles/final_embebidos_v2.elf.dir/Drivers/STM32F4xx_HAL_Driver/Src/stm32f4xx_hal_tim.c.obj
 .text.HAL_TIM_Base_Start
                0x0000000008003326       0x24 CMakeFiles/final_embebidos_v2.elf.dir/Drivers/STM32F4xx_HAL_Driver/Src/stm32f4xx_hal_tim.c.obj
                0x0000000008003326                HAL_TIM_Base_Start
 .text.HAL_TIM_Base_Start_IT
                0x000000000800334a       0x22 CMakeFiles/final_embebidos_v2.elf.dir/Drivers/STM32F4xx_HAL_Driver/Src/stm32f4xx_hal_tim.c.obj
                0x000000000800334a                HAL_TIM_Base_Start_IT
 .text.HAL_TIM_PWM_MspInit
                0x000000000800336c        0x2 CMakeFiles/final_embebidos_v2.elf.dir/Drivers/STM32F4xx_HAL_Driver/Src/stm32f4xx_hal_tim.c.obj
                0x000000000800336c                HAL_TIM_PWM_MspInit
 .text.HAL_TIM_OC_DelayElapsedCallback
                0x000000000800336e        0x2 CMakeFiles/final_embebidos_v2.elf.dir/Drivers/STM32F4xx_HAL_Driver/Src/stm32f4xx_hal_tim.c.obj
                0x000000000800336e                HAL_TIM_OC_DelayElapsedCallback
 .text.HAL_TIM_IC_CaptureCallback
                0x0000000008003370        0x2 CMakeFiles/final_embebidos_v2.elf.dir/Drivers/STM32F4xx_HAL_Driver/Src/stm32f4xx_hal_tim.c.obj
                0x0000000008003370                HAL_TIM_IC_CaptureCallback
 .text.HAL_TIM_PWM_PulseFinishedCallback
                0x0000000008003372        0x2 CMakeFiles/final_embebidos_v2.elf.dir/Drivers/STM32F4xx_HAL_Driver/Src/stm32f4xx_hal_tim.c.obj
                0x0000000008003372                HAL_TIM_PWM_PulseFinishedCallback
 .text.HAL_TIM_TriggerCallback
                0x0000000008003374        0x2 CMakeFiles/final_embebidos_v2.elf.dir/Drivers/STM32F4xx_HAL_Driver/Src/stm32f4xx_hal_tim.c.obj
                0x0000000008003374                HAL_TIM_TriggerCallback
 .text.HAL_TIM_IRQHandler
                0x0000000008003376      0x17a CMakeFiles/final_embebidos_v2.elf.dir/Drivers/STM32F4xx_HAL_Driver/Src/stm32f4xx_hal_tim.c.obj
                0x0000000008003376                HAL_TIM_IRQHandler
 .text.TIM_Base_SetConfig
                0x00000000080034f0       0x9c CMakeFiles/final_embebidos_v2.elf.dir/Drivers/STM32F4xx_HAL_Driver/Src/stm32f4xx_hal_tim.c.obj
                0x00000000080034f0                TIM_Base_SetConfig
 .text.HAL_TIM_Base_Init
                0x000000000800358c       0x34 CMakeFiles/final_embebidos_v2.elf.dir/Drivers/STM32F4xx_HAL_Driver/Src/stm32f4xx_hal_tim.c.obj
                0x000000000800358c                HAL_TIM_Base_Init
 .text.HAL_TIM_PWM_Init
                0x00000000080035c0       0x34 CMakeFiles/final_embebidos_v2.elf.dir/Drivers/STM32F4xx_HAL_Driver/Src/stm32f4xx_hal_tim.c.obj
                0x00000000080035c0                HAL_TIM_PWM_Init
 .text.TIM_OC2_SetConfig
                0x00000000080035f4       0x64 CMakeFiles/final_embebidos_v2.elf.dir/Drivers/STM32F4xx_HAL_Driver/Src/stm32f4xx_hal_tim.c.obj
                0x00000000080035f4                TIM_OC2_SetConfig
 .text.HAL_TIM_PWM_ConfigChannel
                0x0000000008003658       0xdc CMakeFiles/final_embebidos_v2.elf.dir/Drivers/STM32F4xx_HAL_Driver/Src/stm32f4xx_hal_tim.c.obj
                0x0000000008003658                HAL_TIM_PWM_ConfigChannel
 .text.TIM_ETR_SetConfig
                0x0000000008003734       0x18 CMakeFiles/final_embebidos_v2.elf.dir/Drivers/STM32F4xx_HAL_Driver/Src/stm32f4xx_hal_tim.c.obj
                0x0000000008003734                TIM_ETR_SetConfig
 .text.HAL_TIM_ConfigClockSource
                0x000000000800374c       0xdc CMakeFiles/final_embebidos_v2.elf.dir/Drivers/STM32F4xx_HAL_Driver/Src/stm32f4xx_hal_tim.c.obj
                0x000000000800374c                HAL_TIM_ConfigClockSource
 .text.TIM_CCxChannelCmd
                0x0000000008003828       0x22 CMakeFiles/final_embebidos_v2.elf.dir/Drivers/STM32F4xx_HAL_Driver/Src/stm32f4xx_hal_tim.c.obj
                0x0000000008003828                TIM_CCxChannelCmd
 *fill*         0x000000000800384a        0x2 
 .text.HAL_TIM_PWM_Start
                0x000000000800384c       0x3c CMakeFiles/final_embebidos_v2.elf.dir/Drivers/STM32F4xx_HAL_Driver/Src/stm32f4xx_hal_tim.c.obj
                0x000000000800384c                HAL_TIM_PWM_Start
 .text.HAL_TIMEx_MasterConfigSynchronization
                0x0000000008003888       0x78 CMakeFiles/final_embebidos_v2.elf.dir/Drivers/STM32F4xx_HAL_Driver/Src/stm32f4xx_hal_tim_ex.c.obj
                0x0000000008003888                HAL_TIMEx_MasterConfigSynchronization
 .text.HAL_TIMEx_CommutCallback
                0x0000000008003900        0x2 CMakeFiles/final_embebidos_v2.elf.dir/Drivers/STM32F4xx_HAL_Driver/Src/stm32f4xx_hal_tim_ex.c.obj
                0x0000000008003900                HAL_TIMEx_CommutCallback
 .text.HAL_TIMEx_BreakCallback
                0x0000000008003902        0x2 CMakeFiles/final_embebidos_v2.elf.dir/Drivers/STM32F4xx_HAL_Driver/Src/stm32f4xx_hal_tim_ex.c.obj
                0x0000000008003902                HAL_TIMEx_BreakCallback
 .text.osKernelInitialize
                0x0000000008003904       0x3c CMakeFiles/final_embebidos_v2.elf.dir/Middlewares/Third_Party/FreeRTOS/Source/CMSIS_RTOS_V2/cmsis_os2.c.obj
                0x0000000008003904                osKernelInitialize
 .text.osKernelStart
                0x0000000008003940       0x48 CMakeFiles/final_embebidos_v2.elf.dir/Middlewares/Third_Party/FreeRTOS/Source/CMSIS_RTOS_V2/cmsis_os2.c.obj
                0x0000000008003940                osKernelStart
 .text.osThreadNew
                0x0000000008003988       0xd8 CMakeFiles/final_embebidos_v2.elf.dir/Middlewares/Third_Party/FreeRTOS/Source/CMSIS_RTOS_V2/cmsis_os2.c.obj
                0x0000000008003988                osThreadNew
 .text.osMessageQueueNew
                0x0000000008003a60       0xb4 CMakeFiles/final_embebidos_v2.elf.dir/Middlewares/Third_Party/FreeRTOS/Source/CMSIS_RTOS_V2/cmsis_os2.c.obj
                0x0000000008003a60                osMessageQueueNew
 .text.vApplicationGetIdleTaskMemory
                0x0000000008003b14       0x18 CMakeFiles/final_embebidos_v2.elf.dir/Middlewares/Third_Party/FreeRTOS/Source/CMSIS_RTOS_V2/cmsis_os2.c.obj
                0x0000000008003b14                vApplicationGetIdleTaskMemory
 .text.vApplicationGetTimerTaskMemory
                0x0000000008003b2c       0x18 CMakeFiles/final_embebidos_v2.elf.dir/Middlewares/Third_Party/FreeRTOS/Source/CMSIS_RTOS_V2/cmsis_os2.c.obj
                0x0000000008003b2c                vApplicationGetTimerTaskMemory
 .text.vListInitialise
                0x0000000008003b44       0x16 CMakeFiles/final_embebidos_v2.elf.dir/Middlewares/Third_Party/FreeRTOS/Source/list.c.obj
                0x0000000008003b44                vListInitialise
 .text.vListInitialiseItem
                0x0000000008003b5a        0x6 CMakeFiles/final_embebidos_v2.elf.dir/Middlewares/Third_Party/FreeRTOS/Source/list.c.obj
                0x0000000008003b5a                vListInitialiseItem
 .text.vListInsertEnd
                0x0000000008003b60       0x16 CMakeFiles/final_embebidos_v2.elf.dir/Middlewares/Third_Party/FreeRTOS/Source/list.c.obj
                0x0000000008003b60                vListInsertEnd
 .text.vListInsert
                0x0000000008003b76       0x34 CMakeFiles/final_embebidos_v2.elf.dir/Middlewares/Third_Party/FreeRTOS/Source/list.c.obj
                0x0000000008003b76                vListInsert
 .text.uxListRemove
                0x0000000008003baa       0x26 CMakeFiles/final_embebidos_v2.elf.dir/Middlewares/Third_Party/FreeRTOS/Source/list.c.obj
                0x0000000008003baa                uxListRemove
 .text.prvTaskExitError
                0x0000000008003bd0       0x40 CMakeFiles/final_embebidos_v2.elf.dir/Middlewares/Third_Party/FreeRTOS/Source/portable/GCC/ARM_CM4F/port.c.obj
 .text.prvPortStartFirstTask
                0x0000000008003c10       0x28 CMakeFiles/final_embebidos_v2.elf.dir/Middlewares/Third_Party/FreeRTOS/Source/portable/GCC/ARM_CM4F/port.c.obj
 .text.vPortEnableVFP
                0x0000000008003c38       0x14 CMakeFiles/final_embebidos_v2.elf.dir/Middlewares/Third_Party/FreeRTOS/Source/portable/GCC/ARM_CM4F/port.c.obj
 .text.pxPortInitialiseStack
                0x0000000008003c4c       0x2c CMakeFiles/final_embebidos_v2.elf.dir/Middlewares/Third_Party/FreeRTOS/Source/portable/GCC/ARM_CM4F/port.c.obj
                0x0000000008003c4c                pxPortInitialiseStack
 *fill*         0x0000000008003c78        0x8 
 .text.SVC_Handler
                0x0000000008003c80       0x24 CMakeFiles/final_embebidos_v2.elf.dir/Middlewares/Third_Party/FreeRTOS/Source/portable/GCC/ARM_CM4F/port.c.obj
                0x0000000008003c80                SVC_Handler
 .text.vPortEnterCritical
                0x0000000008003ca4       0x44 CMakeFiles/final_embebidos_v2.elf.dir/Middlewares/Third_Party/FreeRTOS/Source/portable/GCC/ARM_CM4F/port.c.obj
                0x0000000008003ca4                vPortEnterCritical
 .text.vPortExitCritical
                0x0000000008003ce8       0x2c CMakeFiles/final_embebidos_v2.elf.dir/Middlewares/Third_Party/FreeRTOS/Source/portable/GCC/ARM_CM4F/port.c.obj
                0x0000000008003ce8                vPortExitCritical
 *fill*         0x0000000008003d14        0xc 
 .text.PendSV_Handler
                0x0000000008003d20       0x64 CMakeFiles/final_embebidos_v2.elf.dir/Middlewares/Third_Party/FreeRTOS/Source/portable/GCC/ARM_CM4F/port.c.obj
                0x0000000008003d20                PendSV_Handler
 .text.SysTick_Handler
                0x0000000008003d84       0x2c CMakeFiles/final_embebidos_v2.elf.dir/Middlewares/Third_Party/FreeRTOS/Source/portable/GCC/ARM_CM4F/port.c.obj
                0x0000000008003d84                SysTick_Handler
 .text.vPortSetupTimerInterrupt
                0x0000000008003db0       0x38 CMakeFiles/final_embebidos_v2.elf.dir/Middlewares/Third_Party/FreeRTOS/Source/portable/GCC/ARM_CM4F/port.c.obj
                0x0000000008003db0                vPortSetupTimerInterrupt
 .text.xPortStartScheduler
                0x0000000008003de8      0x110 CMakeFiles/final_embebidos_v2.elf.dir/Middlewares/Third_Party/FreeRTOS/Source/portable/GCC/ARM_CM4F/port.c.obj
                0x0000000008003de8                xPortStartScheduler
 .text.vPortValidateInterruptPriority
                0x0000000008003ef8       0x5c CMakeFiles/final_embebidos_v2.elf.dir/Middlewares/Third_Party/FreeRTOS/Source/portable/GCC/ARM_CM4F/port.c.obj
                0x0000000008003ef8                vPortValidateInterruptPriority
 .text.prvHeapInit
                0x0000000008003f54       0x64 CMakeFiles/final_embebidos_v2.elf.dir/Middlewares/Third_Party/FreeRTOS/Source/portable/MemMang/heap_4.c.obj
 .text.prvInsertBlockIntoFreeList
                0x0000000008003fb8       0x58 CMakeFiles/final_embebidos_v2.elf.dir/Middlewares/Third_Party/FreeRTOS/Source/portable/MemMang/heap_4.c.obj
 .text.pvPortMalloc
                0x0000000008004010      0x108 CMakeFiles/final_embebidos_v2.elf.dir/Middlewares/Third_Party/FreeRTOS/Source/portable/MemMang/heap_4.c.obj
                0x0000000008004010                pvPortMalloc
 .text.vPortFree
                0x0000000008004118       0x70 CMakeFiles/final_embebidos_v2.elf.dir/Middlewares/Third_Party/FreeRTOS/Source/portable/MemMang/heap_4.c.obj
                0x0000000008004118                vPortFree
 .text.prvIsQueueFull
                0x0000000008004188       0x1e CMakeFiles/final_embebidos_v2.elf.dir/Middlewares/Third_Party/FreeRTOS/Source/queue.c.obj
 .text.prvIsQueueEmpty
                0x00000000080041a6       0x1a CMakeFiles/final_embebidos_v2.elf.dir/Middlewares/Third_Party/FreeRTOS/Source/queue.c.obj
 .text.prvCopyDataToQueue
                0x00000000080041c0       0x76 CMakeFiles/final_embebidos_v2.elf.dir/Middlewares/Third_Party/FreeRTOS/Source/queue.c.obj
 .text.prvCopyDataFromQueue
                0x0000000008004236       0x24 CMakeFiles/final_embebidos_v2.elf.dir/Middlewares/Third_Party/FreeRTOS/Source/queue.c.obj
 .text.prvUnlockQueue
                0x000000000800425a       0x6e CMakeFiles/final_embebidos_v2.elf.dir/Middlewares/Third_Party/FreeRTOS/Source/queue.c.obj
 .text.xQueueGenericReset
                0x00000000080042c8       0x84 CMakeFiles/final_embebidos_v2.elf.dir/Middlewares/Third_Party/FreeRTOS/Source/queue.c.obj
                0x00000000080042c8                xQueueGenericReset
 .text.prvInitialiseNewQueue
                0x000000000800434c       0x22 CMakeFiles/final_embebidos_v2.elf.dir/Middlewares/Third_Party/FreeRTOS/Source/queue.c.obj
 .text.xQueueGenericCreateStatic
                0x000000000800436e       0x94 CMakeFiles/final_embebidos_v2.elf.dir/Middlewares/Third_Party/FreeRTOS/Source/queue.c.obj
                0x000000000800436e                xQueueGenericCreateStatic
 .text.xQueueGenericCreate
                0x0000000008004402       0x4e CMakeFiles/final_embebidos_v2.elf.dir/Middlewares/Third_Party/FreeRTOS/Source/queue.c.obj
                0x0000000008004402                xQueueGenericCreate
 .text.xQueueGenericSend
                0x0000000008004450      0x180 CMakeFiles/final_embebidos_v2.elf.dir/Middlewares/Third_Party/FreeRTOS/Source/queue.c.obj
                0x0000000008004450                xQueueGenericSend
 .text.xQueueGenericSendFromISR
                0x00000000080045d0       0xce CMakeFiles/final_embebidos_v2.elf.dir/Middlewares/Third_Party/FreeRTOS/Source/queue.c.obj
                0x00000000080045d0                xQueueGenericSendFromISR
 *fill*         0x000000000800469e        0x2 
 .text.xQueueReceive
                0x00000000080046a0      0x15c CMakeFiles/final_embebidos_v2.elf.dir/Middlewares/Third_Party/FreeRTOS/Source/queue.c.obj
                0x00000000080046a0                xQueueReceive
 .text.uxQueueMessagesWaiting
                0x00000000080047fc       0x26 CMakeFiles/final_embebidos_v2.elf.dir/Middlewares/Third_Party/FreeRTOS/Source/queue.c.obj
                0x00000000080047fc                uxQueueMessagesWaiting
 *fill*         0x0000000008004822        0x2 
 .text.vQueueAddToRegistry
                0x0000000008004824       0x28 CMakeFiles/final_embebidos_v2.elf.dir/Middlewares/Third_Party/FreeRTOS/Source/queue.c.obj
                0x0000000008004824                vQueueAddToRegistry
 .text.vQueueWaitForMessageRestricted
                0x000000000800484c       0x52 CMakeFiles/final_embebidos_v2.elf.dir/Middlewares/Third_Party/FreeRTOS/Source/queue.c.obj
                0x000000000800484c                vQueueWaitForMessageRestricted
 *fill*         0x000000000800489e        0x2 
 .text.prvResetNextTaskUnblockTime
                0x00000000080048a0       0x2c CMakeFiles/final_embebidos_v2.elf.dir/Middlewares/Third_Party/FreeRTOS/Source/tasks.c.obj
 .text.prvInitialiseNewTask
                0x00000000080048cc       0x98 CMakeFiles/final_embebidos_v2.elf.dir/Middlewares/Third_Party/FreeRTOS/Source/tasks.c.obj
 .text.prvInitialiseTaskLists
                0x0000000008004964       0x68 CMakeFiles/final_embebidos_v2.elf.dir/Middlewares/Third_Party/FreeRTOS/Source/tasks.c.obj
 .text.prvAddNewTaskToReadyList
                0x00000000080049cc       0xac CMakeFiles/final_embebidos_v2.elf.dir/Middlewares/Third_Party/FreeRTOS/Source/tasks.c.obj
 .text.prvDeleteTCB
                0x0000000008004a78       0x38 CMakeFiles/final_embebidos_v2.elf.dir/Middlewares/Third_Party/FreeRTOS/Source/tasks.c.obj
 .text.prvCheckTasksWaitingTermination
                0x0000000008004ab0       0x4c CMakeFiles/final_embebidos_v2.elf.dir/Middlewares/Third_Party/FreeRTOS/Source/tasks.c.obj
 .text.prvIdleTask
                0x0000000008004afc       0x28 CMakeFiles/final_embebidos_v2.elf.dir/Middlewares/Third_Party/FreeRTOS/Source/tasks.c.obj
 .text.prvAddCurrentTaskToDelayedList
                0x0000000008004b24       0x7c CMakeFiles/final_embebidos_v2.elf.dir/Middlewares/Third_Party/FreeRTOS/Source/tasks.c.obj
 .text.xTaskCreateStatic
                0x0000000008004ba0       0x74 CMakeFiles/final_embebidos_v2.elf.dir/Middlewares/Third_Party/FreeRTOS/Source/tasks.c.obj
                0x0000000008004ba0                xTaskCreateStatic
 .text.xTaskCreate
                0x0000000008004c14       0x66 CMakeFiles/final_embebidos_v2.elf.dir/Middlewares/Third_Party/FreeRTOS/Source/tasks.c.obj
                0x0000000008004c14                xTaskCreate
 *fill*         0x0000000008004c7a        0x2 
 .text.vTaskStartScheduler
                0x0000000008004c7c       0x94 CMakeFiles/final_embebidos_v2.elf.dir/Middlewares/Third_Party/FreeRTOS/Source/tasks.c.obj
                0x0000000008004c7c                vTaskStartScheduler
 .text.vTaskSuspendAll
                0x0000000008004d10       0x10 CMakeFiles/final_embebidos_v2.elf.dir/Middlewares/Third_Party/FreeRTOS/Source/tasks.c.obj
                0x0000000008004d10                vTaskSuspendAll
 .text.xTaskGetTickCount
                0x0000000008004d20        0xc CMakeFiles/final_embebidos_v2.elf.dir/Middlewares/Third_Party/FreeRTOS/Source/tasks.c.obj
                0x0000000008004d20                xTaskGetTickCount
 .text.xTaskIncrementTick
                0x0000000008004d2c      0x118 CMakeFiles/final_embebidos_v2.elf.dir/Middlewares/Third_Party/FreeRTOS/Source/tasks.c.obj
                0x0000000008004d2c                xTaskIncrementTick
 .text.xTaskResumeAll
                0x0000000008004e44       0xf8 CMakeFiles/final_embebidos_v2.elf.dir/Middlewares/Third_Party/FreeRTOS/Source/tasks.c.obj
                0x0000000008004e44                xTaskResumeAll
 .text.vTaskDelay
                0x0000000008004f3c       0x4c CMakeFiles/final_embebidos_v2.elf.dir/Middlewares/Third_Party/FreeRTOS/Source/tasks.c.obj
                0x0000000008004f3c                vTaskDelay
 .text.vTaskSwitchContext
                0x0000000008004f88       0x9c CMakeFiles/final_embebidos_v2.elf.dir/Middlewares/Third_Party/FreeRTOS/Source/tasks.c.obj
                0x0000000008004f88                vTaskSwitchContext
 .text.vTaskPlaceOnEventList
                0x0000000008005024       0x30 CMakeFiles/final_embebidos_v2.elf.dir/Middlewares/Third_Party/FreeRTOS/Source/tasks.c.obj
                0x0000000008005024                vTaskPlaceOnEventList
 .text.vTaskPlaceOnEventListRestricted
                0x0000000008005054       0x38 CMakeFiles/final_embebidos_v2.elf.dir/Middlewares/Third_Party/FreeRTOS/Source/tasks.c.obj
                0x0000000008005054                vTaskPlaceOnEventListRestricted
 .text.xTaskRemoveFromEventList
                0x000000000800508c       0x8c CMakeFiles/final_embebidos_v2.elf.dir/Middlewares/Third_Party/FreeRTOS/Source/tasks.c.obj
                0x000000000800508c                xTaskRemoveFromEventList
 .text.vTaskInternalSetTimeOutState
                0x0000000008005118       0x18 CMakeFiles/final_embebidos_v2.elf.dir/Middlewares/Third_Party/FreeRTOS/Source/tasks.c.obj
                0x0000000008005118                vTaskInternalSetTimeOutState
 .text.xTaskCheckForTimeOut
                0x0000000008005130       0x84 CMakeFiles/final_embebidos_v2.elf.dir/Middlewares/Third_Party/FreeRTOS/Source/tasks.c.obj
                0x0000000008005130                xTaskCheckForTimeOut
 .text.vTaskMissedYield
                0x00000000080051b4        0xc CMakeFiles/final_embebidos_v2.elf.dir/Middlewares/Third_Party/FreeRTOS/Source/tasks.c.obj
                0x00000000080051b4                vTaskMissedYield
 .text.xTaskGetSchedulerState
                0x00000000080051c0       0x20 CMakeFiles/final_embebidos_v2.elf.dir/Middlewares/Third_Party/FreeRTOS/Source/tasks.c.obj
                0x00000000080051c0                xTaskGetSchedulerState
 .text.xTaskPriorityDisinherit
                0x00000000080051e0       0x90 CMakeFiles/final_embebidos_v2.elf.dir/Middlewares/Third_Party/FreeRTOS/Source/tasks.c.obj
                0x00000000080051e0                xTaskPriorityDisinherit
 .text.ulTaskNotifyTake
                0x0000000008005270       0x78 CMakeFiles/final_embebidos_v2.elf.dir/Middlewares/Third_Party/FreeRTOS/Source/tasks.c.obj
                0x0000000008005270                ulTaskNotifyTake
 .text.xTaskGenericNotify
                0x00000000080052e8      0x100 CMakeFiles/final_embebidos_v2.elf.dir/Middlewares/Third_Party/FreeRTOS/Source/tasks.c.obj
                0x00000000080052e8                xTaskGenericNotify
 .text.prvGetNextExpireTime
                0x00000000080053e8       0x20 CMakeFiles/final_embebidos_v2.elf.dir/Middlewares/Third_Party/FreeRTOS/Source/timers.c.obj
 .text.prvInsertTimerInActiveList
                0x0000000008005408       0x48 CMakeFiles/final_embebidos_v2.elf.dir/Middlewares/Third_Party/FreeRTOS/Source/timers.c.obj
 .text.prvCheckForValidListAndQueue
                0x0000000008005450       0x70 CMakeFiles/final_embebidos_v2.elf.dir/Middlewares/Third_Party/FreeRTOS/Source/timers.c.obj
 .text.xTimerCreateTimerTask
                0x00000000080054c0       0x64 CMakeFiles/final_embebidos_v2.elf.dir/Middlewares/Third_Party/FreeRTOS/Source/timers.c.obj
                0x00000000080054c0                xTimerCreateTimerTask
 .text.xTimerGenericCommand
                0x0000000008005524       0x6c CMakeFiles/final_embebidos_v2.elf.dir/Middlewares/Third_Party/FreeRTOS/Source/timers.c.obj
                0x0000000008005524                xTimerGenericCommand
 .text.prvSwitchTimerLists
                0x0000000008005590       0x7c CMakeFiles/final_embebidos_v2.elf.dir/Middlewares/Third_Party/FreeRTOS/Source/timers.c.obj
 .text.prvSampleTimeNow
                0x000000000800560c       0x2c CMakeFiles/final_embebidos_v2.elf.dir/Middlewares/Third_Party/FreeRTOS/Source/timers.c.obj
 .text.prvProcessExpiredTimer
                0x0000000008005638       0x6c CMakeFiles/final_embebidos_v2.elf.dir/Middlewares/Third_Party/FreeRTOS/Source/timers.c.obj
 .text.prvProcessTimerOrBlockTask
                0x00000000080056a4       0x74 CMakeFiles/final_embebidos_v2.elf.dir/Middlewares/Third_Party/FreeRTOS/Source/timers.c.obj
 .text.prvProcessReceivedCommands
                0x0000000008005718      0x110 CMakeFiles/final_embebidos_v2.elf.dir/Middlewares/Third_Party/FreeRTOS/Source/timers.c.obj
 .text.prvTimerTask
                0x0000000008005828       0x16 CMakeFiles/final_embebidos_v2.elf.dir/Middlewares/Third_Party/FreeRTOS/Source/timers.c.obj
 *fill*         0x000000000800583e        0x2 
 .text.__errno  0x0000000008005840        0xc /usr/local/gcc_arm/gcc-arm-none-eabi-8-2019-q3-update/bin/../lib/gcc/arm-none-eabi/8.3.1/../../../../arm-none-eabi/lib/thumb/v7e-m+fp/hard/libg.a(lib_a-errno.o)
                0x0000000008005840                __errno
 .text.__libc_init_array
                0x000000000800584c       0x48 /usr/local/gcc_arm/gcc-arm-none-eabi-8-2019-q3-update/bin/../lib/gcc/arm-none-eabi/8.3.1/../../../../arm-none-eabi/lib/thumb/v7e-m+fp/hard/libg.a(lib_a-init.o)
                0x000000000800584c                __libc_init_array
 .text.memset   0x0000000008005894       0xa0 /usr/local/gcc_arm/gcc-arm-none-eabi-8-2019-q3-update/bin/../lib/gcc/arm-none-eabi/8.3.1/../../../../arm-none-eabi/lib/thumb/v7e-m+fp/hard/libg.a(lib_a-memset.o)
                0x0000000008005894                memset
 .text._vsprintf_r
                0x0000000008005934       0x28 /usr/local/gcc_arm/gcc-arm-none-eabi-8-2019-q3-update/bin/../lib/gcc/arm-none-eabi/8.3.1/../../../../arm-none-eabi/lib/thumb/v7e-m+fp/hard/libg.a(lib_a-vsprintf.o)
                0x0000000008005934                _vsprintf_r
 .text.vsprintf
                0x000000000800595c       0x18 /usr/local/gcc_arm/gcc-arm-none-eabi-8-2019-q3-update/bin/../lib/gcc/arm-none-eabi/8.3.1/../../../../arm-none-eabi/lib/thumb/v7e-m+fp/hard/libg.a(lib_a-vsprintf.o)
                0x000000000800595c                vsprintf
 .text.startup.register_fini
                0x0000000008005974       0x14 /usr/local/gcc_arm/gcc-arm-none-eabi-8-2019-q3-update/bin/../lib/gcc/arm-none-eabi/8.3.1/../../../../arm-none-eabi/lib/thumb/v7e-m+fp/hard/libg.a(lib_a-__call_atexit.o)
 .text.atexit   0x0000000008005988        0xc /usr/local/gcc_arm/gcc-arm-none-eabi-8-2019-q3-update/bin/../lib/gcc/arm-none-eabi/8.3.1/../../../../arm-none-eabi/lib/thumb/v7e-m+fp/hard/libg.a(lib_a-atexit.o)
                0x0000000008005988                atexit
 .text.__libc_fini_array
                0x0000000008005994       0x34 /usr/local/gcc_arm/gcc-arm-none-eabi-8-2019-q3-update/bin/../lib/gcc/arm-none-eabi/8.3.1/../../../../arm-none-eabi/lib/thumb/v7e-m+fp/hard/libg.a(lib_a-fini.o)
                0x0000000008005994                __libc_fini_array
 .text.__retarget_lock_acquire_recursive
                0x00000000080059c8        0x4 /usr/local/gcc_arm/gcc-arm-none-eabi-8-2019-q3-update/bin/../lib/gcc/arm-none-eabi/8.3.1/../../../../arm-none-eabi/lib/thumb/v7e-m+fp/hard/libg.a(lib_a-lock.o)
                0x00000000080059c8                __retarget_lock_acquire_recursive
 .text.__retarget_lock_release_recursive
                0x00000000080059cc        0x4 /usr/local/gcc_arm/gcc-arm-none-eabi-8-2019-q3-update/bin/../lib/gcc/arm-none-eabi/8.3.1/../../../../arm-none-eabi/lib/thumb/v7e-m+fp/hard/libg.a(lib_a-lock.o)
                0x00000000080059cc                __retarget_lock_release_recursive
 .text._svfprintf_r
                0x00000000080059d0     0x19f8 /usr/local/gcc_arm/gcc-arm-none-eabi-8-2019-q3-update/bin/../lib/gcc/arm-none-eabi/8.3.1/../../../../arm-none-eabi/lib/thumb/v7e-m+fp/hard/libg.a(lib_a-svfprintf.o)
                0x00000000080059d0                _svfprintf_r
 .text.__register_exitproc
                0x00000000080073c8       0x88 /usr/local/gcc_arm/gcc-arm-none-eabi-8-2019-q3-update/bin/../lib/gcc/arm-none-eabi/8.3.1/../../../../arm-none-eabi/lib/thumb/v7e-m+fp/hard/libg.a(lib_a-__atexit.o)
                0x00000000080073c8                __register_exitproc
 .text.quorem   0x0000000008007450      0x124 /usr/local/gcc_arm/gcc-arm-none-eabi-8-2019-q3-update/bin/../lib/gcc/arm-none-eabi/8.3.1/../../../../arm-none-eabi/lib/thumb/v7e-m+fp/hard/libg.a(lib_a-dtoa.o)
 *fill*         0x0000000008007574        0x4 
 .text._dtoa_r  0x0000000008007578      0xe54 /usr/local/gcc_arm/gcc-arm-none-eabi-8-2019-q3-update/bin/../lib/gcc/arm-none-eabi/8.3.1/../../../../arm-none-eabi/lib/thumb/v7e-m+fp/hard/libg.a(lib_a-dtoa.o)
                0x0000000008007578                _dtoa_r
 .text._malloc_trim_r
                0x00000000080083cc       0xa0 /usr/local/gcc_arm/gcc-arm-none-eabi-8-2019-q3-update/bin/../lib/gcc/arm-none-eabi/8.3.1/../../../../arm-none-eabi/lib/thumb/v7e-m+fp/hard/libg.a(lib_a-freer.o)
                0x00000000080083cc                _malloc_trim_r
 .text._free_r  0x000000000800846c      0x1f4 /usr/local/gcc_arm/gcc-arm-none-eabi-8-2019-q3-update/bin/../lib/gcc/arm-none-eabi/8.3.1/../../../../arm-none-eabi/lib/thumb/v7e-m+fp/hard/libg.a(lib_a-freer.o)
                0x000000000800846c                _free_r
 .text._localeconv_r
                0x0000000008008660        0x8 /usr/local/gcc_arm/gcc-arm-none-eabi-8-2019-q3-update/bin/../lib/gcc/arm-none-eabi/8.3.1/../../../../arm-none-eabi/lib/thumb/v7e-m+fp/hard/libg.a(lib_a-localeconv.o)
                0x0000000008008660                _localeconv_r
 .text._malloc_r
                0x0000000008008668      0x570 /usr/local/gcc_arm/gcc-arm-none-eabi-8-2019-q3-update/bin/../lib/gcc/arm-none-eabi/8.3.1/../../../../arm-none-eabi/lib/thumb/v7e-m+fp/hard/libg.a(lib_a-mallocr.o)
                0x0000000008008668                _malloc_r
 .text.__malloc_lock
                0x0000000008008bd8        0xc /usr/local/gcc_arm/gcc-arm-none-eabi-8-2019-q3-update/bin/../lib/gcc/arm-none-eabi/8.3.1/../../../../arm-none-eabi/lib/thumb/v7e-m+fp/hard/libg.a(lib_a-mlock.o)
                0x0000000008008bd8                __malloc_lock
 .text.__malloc_unlock
                0x0000000008008be4        0xc /usr/local/gcc_arm/gcc-arm-none-eabi-8-2019-q3-update/bin/../lib/gcc/arm-none-eabi/8.3.1/../../../../arm-none-eabi/lib/thumb/v7e-m+fp/hard/libg.a(lib_a-mlock.o)
                0x0000000008008be4                __malloc_unlock
 .text._Balloc  0x0000000008008bf0       0x4c /usr/local/gcc_arm/gcc-arm-none-eabi-8-2019-q3-update/bin/../lib/gcc/arm-none-eabi/8.3.1/../../../../arm-none-eabi/lib/thumb/v7e-m+fp/hard/libg.a(lib_a-mprec.o)
                0x0000000008008bf0                _Balloc
 .text._Bfree   0x0000000008008c3c       0x14 /usr/local/gcc_arm/gcc-arm-none-eabi-8-2019-q3-update/bin/../lib/gcc/arm-none-eabi/8.3.1/../../../../arm-none-eabi/lib/thumb/v7e-m+fp/hard/libg.a(lib_a-mprec.o)
                0x0000000008008c3c                _Bfree
 .text.__multadd
                0x0000000008008c50       0x8c /usr/local/gcc_arm/gcc-arm-none-eabi-8-2019-q3-update/bin/../lib/gcc/arm-none-eabi/8.3.1/../../../../arm-none-eabi/lib/thumb/v7e-m+fp/hard/libg.a(lib_a-mprec.o)
                0x0000000008008c50                __multadd
 .text.__hi0bits
                0x0000000008008cdc       0x40 /usr/local/gcc_arm/gcc-arm-none-eabi-8-2019-q3-update/bin/../lib/gcc/arm-none-eabi/8.3.1/../../../../arm-none-eabi/lib/thumb/v7e-m+fp/hard/libg.a(lib_a-mprec.o)
                0x0000000008008cdc                __hi0bits
 .text.__lo0bits
                0x0000000008008d1c       0x60 /usr/local/gcc_arm/gcc-arm-none-eabi-8-2019-q3-update/bin/../lib/gcc/arm-none-eabi/8.3.1/../../../../arm-none-eabi/lib/thumb/v7e-m+fp/hard/libg.a(lib_a-mprec.o)
                0x0000000008008d1c                __lo0bits
 .text.__i2b    0x0000000008008d7c       0x14 /usr/local/gcc_arm/gcc-arm-none-eabi-8-2019-q3-update/bin/../lib/gcc/arm-none-eabi/8.3.1/../../../../arm-none-eabi/lib/thumb/v7e-m+fp/hard/libg.a(lib_a-mprec.o)
                0x0000000008008d7c                __i2b
 .text.__multiply
                0x0000000008008d90      0x130 /usr/local/gcc_arm/gcc-arm-none-eabi-8-2019-q3-update/bin/../lib/gcc/arm-none-eabi/8.3.1/../../../../arm-none-eabi/lib/thumb/v7e-m+fp/hard/libg.a(lib_a-mprec.o)
                0x0000000008008d90                __multiply
 .text.__pow5mult
                0x0000000008008ec0       0xa0 /usr/local/gcc_arm/gcc-arm-none-eabi-8-2019-q3-update/bin/../lib/gcc/arm-none-eabi/8.3.1/../../../../arm-none-eabi/lib/thumb/v7e-m+fp/hard/libg.a(lib_a-mprec.o)
                0x0000000008008ec0                __pow5mult
 .text.__lshift
                0x0000000008008f60       0xb4 /usr/local/gcc_arm/gcc-arm-none-eabi-8-2019-q3-update/bin/../lib/gcc/arm-none-eabi/8.3.1/../../../../arm-none-eabi/lib/thumb/v7e-m+fp/hard/libg.a(lib_a-mprec.o)
                0x0000000008008f60                __lshift
 .text.__mcmp   0x0000000008009014       0x38 /usr/local/gcc_arm/gcc-arm-none-eabi-8-2019-q3-update/bin/../lib/gcc/arm-none-eabi/8.3.1/../../../../arm-none-eabi/lib/thumb/v7e-m+fp/hard/libg.a(lib_a-mprec.o)
                0x0000000008009014                __mcmp
 .text.__mdiff  0x000000000800904c       0xf8 /usr/local/gcc_arm/gcc-arm-none-eabi-8-2019-q3-update/bin/../lib/gcc/arm-none-eabi/8.3.1/../../../../arm-none-eabi/lib/thumb/v7e-m+fp/hard/libg.a(lib_a-mprec.o)
                0x000000000800904c                __mdiff
 .text.__d2b    0x0000000008009144       0xc0 /usr/local/gcc_arm/gcc-arm-none-eabi-8-2019-q3-update/bin/../lib/gcc/arm-none-eabi/8.3.1/../../../../arm-none-eabi/lib/thumb/v7e-m+fp/hard/libg.a(lib_a-mprec.o)
                0x0000000008009144                __d2b
 .text.frexp    0x0000000008009204       0x6c /usr/local/gcc_arm/gcc-arm-none-eabi-8-2019-q3-update/bin/../lib/gcc/arm-none-eabi/8.3.1/../../../../arm-none-eabi/lib/thumb/v7e-m+fp/hard/libg.a(lib_a-s_frexp.o)
                0x0000000008009204                frexp
 .text._sbrk_r  0x0000000008009270       0x24 /usr/local/gcc_arm/gcc-arm-none-eabi-8-2019-q3-update/bin/../lib/gcc/arm-none-eabi/8.3.1/../../../../arm-none-eabi/lib/thumb/v7e-m+fp/hard/libg.a(lib_a-sbrkr.o)
                0x0000000008009270                _sbrk_r
 .text.strncpy  0x0000000008009294       0x74 /usr/local/gcc_arm/gcc-arm-none-eabi-8-2019-q3-update/bin/../lib/gcc/arm-none-eabi/8.3.1/../../../../arm-none-eabi/lib/thumb/v7e-m+fp/hard/libg.a(lib_a-strncpy.o)
                0x0000000008009294                strncpy
 .text.__ssprint_r
                0x0000000008009308       0xf8 /usr/local/gcc_arm/gcc-arm-none-eabi-8-2019-q3-update/bin/../lib/gcc/arm-none-eabi/8.3.1/../../../../arm-none-eabi/lib/thumb/v7e-m+fp/hard/libg.a(lib_a-svfiprintf.o)
                0x0000000008009308                __ssprint_r
 .text._calloc_r
                0x0000000008009400       0x60 /usr/local/gcc_arm/gcc-arm-none-eabi-8-2019-q3-update/bin/../lib/gcc/arm-none-eabi/8.3.1/../../../../arm-none-eabi/lib/thumb/v7e-m+fp/hard/libg.a(lib_a-callocr.o)
                0x0000000008009400                _calloc_r
 .text.__ascii_mbtowc
                0x0000000008009460       0x2c /usr/local/gcc_arm/gcc-arm-none-eabi-8-2019-q3-update/bin/../lib/gcc/arm-none-eabi/8.3.1/../../../../arm-none-eabi/lib/thumb/v7e-m+fp/hard/libg.a(lib_a-mbtowc_r.o)
                0x0000000008009460                __ascii_mbtowc
 .text.memmove  0x000000000800948c       0xd0 /usr/local/gcc_arm/gcc-arm-none-eabi-8-2019-q3-update/bin/../lib/gcc/arm-none-eabi/8.3.1/../../../../arm-none-eabi/lib/thumb/v7e-m+fp/hard/libg.a(lib_a-memmove.o)
                0x000000000800948c                memmove
 .text._realloc_r
                0x000000000800955c      0x36c /usr/local/gcc_arm/gcc-arm-none-eabi-8-2019-q3-update/bin/../lib/gcc/arm-none-eabi/8.3.1/../../../../arm-none-eabi/lib/thumb/v7e-m+fp/hard/libg.a(lib_a-reallocr.o)
                0x000000000800955c                _realloc_r
 .text.__ascii_wctomb
                0x00000000080098c8       0x1c /usr/local/gcc_arm/gcc-arm-none-eabi-8-2019-q3-update/bin/../lib/gcc/arm-none-eabi/8.3.1/../../../../arm-none-eabi/lib/thumb/v7e-m+fp/hard/libg.a(lib_a-wctomb_r.o)
                0x00000000080098c8                __ascii_wctomb
 *(.glue_7)
 .glue_7        0x00000000080098e4        0x0 linker stubs
 *(.glue_7t)
 .glue_7t       0x00000000080098e4        0x0 linker stubs
 *(.eh_frame)
 .eh_frame      0x00000000080098e4        0x0 /usr/local/gcc_arm/gcc-arm-none-eabi-8-2019-q3-update/bin/../lib/gcc/arm-none-eabi/8.3.1/thumb/v7e-m+fp/hard/crtbegin.o
 *(.init)
 .init          0x00000000080098e4        0x4 /usr/local/gcc_arm/gcc-arm-none-eabi-8-2019-q3-update/bin/../lib/gcc/arm-none-eabi/8.3.1/thumb/v7e-m+fp/hard/crti.o
                0x00000000080098e4                _init
 .init          0x00000000080098e8        0x8 /usr/local/gcc_arm/gcc-arm-none-eabi-8-2019-q3-update/bin/../lib/gcc/arm-none-eabi/8.3.1/thumb/v7e-m+fp/hard/crtn.o
 *(.fini)
 .fini          0x00000000080098f0        0x4 /usr/local/gcc_arm/gcc-arm-none-eabi-8-2019-q3-update/bin/../lib/gcc/arm-none-eabi/8.3.1/thumb/v7e-m+fp/hard/crti.o
                0x00000000080098f0                _fini
 .fini          0x00000000080098f4        0x8 /usr/local/gcc_arm/gcc-arm-none-eabi-8-2019-q3-update/bin/../lib/gcc/arm-none-eabi/8.3.1/thumb/v7e-m+fp/hard/crtn.o
                0x00000000080098fc                . = ALIGN (0x4)
                0x00000000080098fc                _etext = .

.vfp11_veneer   0x00000000080098fc        0x0
 .vfp11_veneer  0x00000000080098fc        0x0 linker stubs

.v4_bx          0x00000000080098fc        0x0
 .v4_bx         0x00000000080098fc        0x0 linker stubs

.iplt           0x00000000080098fc        0x0
 .iplt          0x00000000080098fc        0x0 /usr/local/gcc_arm/gcc-arm-none-eabi-8-2019-q3-update/bin/../lib/gcc/arm-none-eabi/8.3.1/thumb/v7e-m+fp/hard/crtbegin.o

.rodata         0x0000000008009900      0x3b0
                0x0000000008009900                . = ALIGN (0x4)
 *(.rodata)
 *(.rodata*)
 .rodata.Buzzer_attributes
                0x0000000008009900       0x24 CMakeFiles/final_embebidos_v2.elf.dir/Core/Src/main.c.obj
                0x0000000008009900                Buzzer_attributes
 .rodata.DHT_Task_attributes
                0x0000000008009924       0x24 CMakeFiles/final_embebidos_v2.elf.dir/Core/Src/main.c.obj
                0x0000000008009924                DHT_Task_attributes
 .rodata.Display_Temp.str1.4
                0x0000000008009948        0xd CMakeFiles/final_embebidos_v2.elf.dir/Core/Src/main.c.obj
 *fill*         0x0000000008009955        0x3 
 .rodata.Display_attributes
                0x0000000008009958       0x24 CMakeFiles/final_embebidos_v2.elf.dir/Core/Src/main.c.obj
                0x0000000008009958                Display_attributes
 .rodata.Servo_attributes
                0x000000000800997c       0x24 CMakeFiles/final_embebidos_v2.elf.dir/Core/Src/main.c.obj
                0x000000000800997c                Servo_attributes
 .rodata.StartDisplay.str1.4
                0x00000000080099a0        0xd CMakeFiles/final_embebidos_v2.elf.dir/Core/Src/main.c.obj
 *fill*         0x00000000080099ad        0x3 
 .rodata.Temp_Queue_attributes
                0x00000000080099b0       0x18 CMakeFiles/final_embebidos_v2.elf.dir/Core/Src/main.c.obj
                0x00000000080099b0                Temp_Queue_attributes
 .rodata.str1.4
                0x00000000080099c8       0x30 CMakeFiles/final_embebidos_v2.elf.dir/Core/Src/main.c.obj
 .rodata.AHBPrescTable
                0x00000000080099f8       0x10 CMakeFiles/final_embebidos_v2.elf.dir/Core/Src/system_stm32f4xx.c.obj
                0x00000000080099f8                AHBPrescTable
 .rodata.APBPrescTable
                0x0000000008009a08        0x8 CMakeFiles/final_embebidos_v2.elf.dir/Core/Src/system_stm32f4xx.c.obj
                0x0000000008009a08                APBPrescTable
 .rodata.vTaskStartScheduler.str1.4
                0x0000000008009a10        0x5 CMakeFiles/final_embebidos_v2.elf.dir/Middlewares/Third_Party/FreeRTOS/Source/tasks.c.obj
 *fill*         0x0000000008009a15        0x3 
 .rodata.prvCheckForValidListAndQueue.str1.4
                0x0000000008009a18        0x5 CMakeFiles/final_embebidos_v2.elf.dir/Middlewares/Third_Party/FreeRTOS/Source/timers.c.obj
 *fill*         0x0000000008009a1d        0x3 
 .rodata.xTimerCreateTimerTask.str1.4
                0x0000000008009a20        0x8 CMakeFiles/final_embebidos_v2.elf.dir/Middlewares/Third_Party/FreeRTOS/Source/timers.c.obj
 .rodata._global_impure_ptr
                0x0000000008009a28        0x4 /usr/local/gcc_arm/gcc-arm-none-eabi-8-2019-q3-update/bin/../lib/gcc/arm-none-eabi/8.3.1/../../../../arm-none-eabi/lib/thumb/v7e-m+fp/hard/libg.a(lib_a-impure.o)
                0x0000000008009a28                _global_impure_ptr
 .rodata._svfprintf_r.str1.4
                0x0000000008009a2c       0x42 /usr/local/gcc_arm/gcc-arm-none-eabi-8-2019-q3-update/bin/../lib/gcc/arm-none-eabi/8.3.1/../../../../arm-none-eabi/lib/thumb/v7e-m+fp/hard/libg.a(lib_a-svfprintf.o)
 *fill*         0x0000000008009a6e        0x2 
 .rodata.blanks.8662
                0x0000000008009a70       0x10 /usr/local/gcc_arm/gcc-arm-none-eabi-8-2019-q3-update/bin/../lib/gcc/arm-none-eabi/8.3.1/../../../../arm-none-eabi/lib/thumb/v7e-m+fp/hard/libg.a(lib_a-svfprintf.o)
 .rodata.zeroes.8663
                0x0000000008009a80       0x10 /usr/local/gcc_arm/gcc-arm-none-eabi-8-2019-q3-update/bin/../lib/gcc/arm-none-eabi/8.3.1/../../../../arm-none-eabi/lib/thumb/v7e-m+fp/hard/libg.a(lib_a-svfprintf.o)
 .rodata._dtoa_r.str1.4
                0x0000000008009a90        0xd /usr/local/gcc_arm/gcc-arm-none-eabi-8-2019-q3-update/bin/../lib/gcc/arm-none-eabi/8.3.1/../../../../arm-none-eabi/lib/thumb/v7e-m+fp/hard/libg.a(lib_a-dtoa.o)
                                         0x12 (size before relaxing)
 *fill*         0x0000000008009a9d        0x3 
 .rodata.__mprec_bigtens
                0x0000000008009aa0       0x28 /usr/local/gcc_arm/gcc-arm-none-eabi-8-2019-q3-update/bin/../lib/gcc/arm-none-eabi/8.3.1/../../../../arm-none-eabi/lib/thumb/v7e-m+fp/hard/libg.a(lib_a-mprec.o)
                0x0000000008009aa0                __mprec_bigtens
 .rodata.__mprec_tens
                0x0000000008009ac8       0xc8 /usr/local/gcc_arm/gcc-arm-none-eabi-8-2019-q3-update/bin/../lib/gcc/arm-none-eabi/8.3.1/../../../../arm-none-eabi/lib/thumb/v7e-m+fp/hard/libg.a(lib_a-mprec.o)
                0x0000000008009ac8                __mprec_tens
 .rodata.p05.7432
                0x0000000008009b90        0xc /usr/local/gcc_arm/gcc-arm-none-eabi-8-2019-q3-update/bin/../lib/gcc/arm-none-eabi/8.3.1/../../../../arm-none-eabi/lib/thumb/v7e-m+fp/hard/libg.a(lib_a-mprec.o)
 .rodata._setlocale_r.str1.4
                0x0000000008009b9c        0xa /usr/local/gcc_arm/gcc-arm-none-eabi-8-2019-q3-update/bin/../lib/gcc/arm-none-eabi/8.3.1/../../../../arm-none-eabi/lib/thumb/v7e-m+fp/hard/libg.a(lib_a-locale.o)
                                          0xd (size before relaxing)
 *fill*         0x0000000008009ba6        0x2 
 .rodata.str1.4
                0x0000000008009ba8        0x4 /usr/local/gcc_arm/gcc-arm-none-eabi-8-2019-q3-update/bin/../lib/gcc/arm-none-eabi/8.3.1/../../../../arm-none-eabi/lib/thumb/v7e-m+fp/hard/libg.a(lib_a-locale.o)
                                          0x2 (size before relaxing)
 .rodata._ctype_
                0x0000000008009bac      0x101 /usr/local/gcc_arm/gcc-arm-none-eabi-8-2019-q3-update/bin/../lib/gcc/arm-none-eabi/8.3.1/../../../../arm-none-eabi/lib/thumb/v7e-m+fp/hard/libg.a(lib_a-ctype_.o)
                0x0000000008009bac                _ctype_
                0x0000000008009cb0                . = ALIGN (0x4)
 *fill*         0x0000000008009cad        0x3 

.ARM.extab      0x0000000008009cb0        0x0
                0x0000000008009cb0                . = ALIGN (0x4)
 *(.ARM.extab* .gnu.linkonce.armextab.*)
                0x0000000008009cb0                . = ALIGN (0x4)

.ARM            0x0000000008009cb0        0x8
                0x0000000008009cb0                . = ALIGN (0x4)
                0x0000000008009cb0                __exidx_start = .
 *(.ARM.exidx*)
 .ARM.exidx     0x0000000008009cb0        0x8 /usr/local/gcc_arm/gcc-arm-none-eabi-8-2019-q3-update/bin/../lib/gcc/arm-none-eabi/8.3.1/thumb/v7e-m+fp/hard/libgcc.a(_udivmoddi4.o)
                0x0000000008009cb8                __exidx_end = .
                0x0000000008009cb8                . = ALIGN (0x4)

.rel.dyn        0x0000000008009cb8        0x0
 .rel.iplt      0x0000000008009cb8        0x0 /usr/local/gcc_arm/gcc-arm-none-eabi-8-2019-q3-update/bin/../lib/gcc/arm-none-eabi/8.3.1/thumb/v7e-m+fp/hard/crtbegin.o

.preinit_array  0x0000000008009cb8        0x0
                0x0000000008009cb8                . = ALIGN (0x4)
                0x0000000008009cb8                PROVIDE (__preinit_array_start = .)
 *(.preinit_array*)
                0x0000000008009cb8                PROVIDE (__preinit_array_end = .)
                0x0000000008009cb8                . = ALIGN (0x4)

.init_array     0x0000000008009cb8        0x8
                0x0000000008009cb8                . = ALIGN (0x4)
                0x0000000008009cb8                PROVIDE (__init_array_start = .)
 *(SORT_BY_NAME(.init_array.*))
 .init_array.00000
                0x0000000008009cb8        0x4 /usr/local/gcc_arm/gcc-arm-none-eabi-8-2019-q3-update/bin/../lib/gcc/arm-none-eabi/8.3.1/../../../../arm-none-eabi/lib/thumb/v7e-m+fp/hard/libg.a(lib_a-__call_atexit.o)
 *(.init_array*)
 .init_array    0x0000000008009cbc        0x4 /usr/local/gcc_arm/gcc-arm-none-eabi-8-2019-q3-update/bin/../lib/gcc/arm-none-eabi/8.3.1/thumb/v7e-m+fp/hard/crtbegin.o
                0x0000000008009cc0                PROVIDE (__init_array_end = .)
                0x0000000008009cc0                . = ALIGN (0x4)

.fini_array     0x0000000008009cc0        0x4
                0x0000000008009cc0                . = ALIGN (0x4)
                0x0000000008009cc0                PROVIDE (__fini_array_start = .)
 *(SORT_BY_NAME(.fini_array.*))
 *(.fini_array*)
 .fini_array    0x0000000008009cc0        0x4 /usr/local/gcc_arm/gcc-arm-none-eabi-8-2019-q3-update/bin/../lib/gcc/arm-none-eabi/8.3.1/thumb/v7e-m+fp/hard/crtbegin.o
                0x0000000008009cc4                PROVIDE (__fini_array_end = .)
                0x0000000008009cc4                . = ALIGN (0x4)
                0x0000000008009cc4                _sidata = LOADADDR (.data)

.data           0x0000000020000000      0x9c0 load address 0x0000000008009cc4
                0x0000000020000000                . = ALIGN (0x4)
                0x0000000020000000                _sdata = .
 *(.data)
 *(.data*)
 .data.SystemCoreClock
                0x0000000020000000        0x4 CMakeFiles/final_embebidos_v2.elf.dir/Core/Src/system_stm32f4xx.c.obj
                0x0000000020000000                SystemCoreClock
 .data.uwTickFreq
                0x0000000020000004        0x1 CMakeFiles/final_embebidos_v2.elf.dir/Drivers/STM32F4xx_HAL_Driver/Src/stm32f4xx_hal.c.obj
                0x0000000020000004                uwTickFreq
 *fill*         0x0000000020000005        0x3 
 .data.uwTickPrio
                0x0000000020000008        0x4 CMakeFiles/final_embebidos_v2.elf.dir/Drivers/STM32F4xx_HAL_Driver/Src/stm32f4xx_hal.c.obj
                0x0000000020000008                uwTickPrio
 .data.uxCriticalNesting
                0x000000002000000c        0x4 CMakeFiles/final_embebidos_v2.elf.dir/Middlewares/Third_Party/FreeRTOS/Source/portable/GCC/ARM_CM4F/port.c.obj
 .data._impure_ptr
                0x0000000020000010        0x4 /usr/local/gcc_arm/gcc-arm-none-eabi-8-2019-q3-update/bin/../lib/gcc/arm-none-eabi/8.3.1/../../../../arm-none-eabi/lib/thumb/v7e-m+fp/hard/libg.a(lib_a-impure.o)
                0x0000000020000010                _impure_ptr
 *fill*         0x0000000020000014        0x4 
 .data.impure_data
                0x0000000020000018      0x428 /usr/local/gcc_arm/gcc-arm-none-eabi-8-2019-q3-update/bin/../lib/gcc/arm-none-eabi/8.3.1/../../../../arm-none-eabi/lib/thumb/v7e-m+fp/hard/libg.a(lib_a-impure.o)
 .data.__atexit_recursive_mutex
                0x0000000020000440        0x4 /usr/local/gcc_arm/gcc-arm-none-eabi-8-2019-q3-update/bin/../lib/gcc/arm-none-eabi/8.3.1/../../../../arm-none-eabi/lib/thumb/v7e-m+fp/hard/libg.a(lib_a-__call_atexit.o)
                0x0000000020000440                __atexit_recursive_mutex
 .data.__malloc_av_
                0x0000000020000444      0x408 /usr/local/gcc_arm/gcc-arm-none-eabi-8-2019-q3-update/bin/../lib/gcc/arm-none-eabi/8.3.1/../../../../arm-none-eabi/lib/thumb/v7e-m+fp/hard/libg.a(lib_a-mallocr.o)
                0x0000000020000444                __malloc_av_
 .data.__malloc_sbrk_base
                0x000000002000084c        0x4 /usr/local/gcc_arm/gcc-arm-none-eabi-8-2019-q3-update/bin/../lib/gcc/arm-none-eabi/8.3.1/../../../../arm-none-eabi/lib/thumb/v7e-m+fp/hard/libg.a(lib_a-mallocr.o)
                0x000000002000084c                __malloc_sbrk_base
 .data.__malloc_trim_threshold
                0x0000000020000850        0x4 /usr/local/gcc_arm/gcc-arm-none-eabi-8-2019-q3-update/bin/../lib/gcc/arm-none-eabi/8.3.1/../../../../arm-none-eabi/lib/thumb/v7e-m+fp/hard/libg.a(lib_a-mallocr.o)
                0x0000000020000850                __malloc_trim_threshold
 .data.__global_locale
                0x0000000020000854      0x16c /usr/local/gcc_arm/gcc-arm-none-eabi-8-2019-q3-update/bin/../lib/gcc/arm-none-eabi/8.3.1/../../../../arm-none-eabi/lib/thumb/v7e-m+fp/hard/libg.a(lib_a-locale.o)
                0x0000000020000854                __global_locale
                0x00000000200009c0                . = ALIGN (0x4)
                0x00000000200009c0                _edata = .

.igot.plt       0x00000000200009c0        0x0 load address 0x000000000800a684
 .igot.plt      0x00000000200009c0        0x0 /usr/local/gcc_arm/gcc-arm-none-eabi-8-2019-q3-update/bin/../lib/gcc/arm-none-eabi/8.3.1/thumb/v7e-m+fp/hard/crtbegin.o
                0x00000000200009c0                . = ALIGN (0x4)

.bss            0x00000000200009c0     0x4c6c load address 0x000000000800a684
                0x00000000200009c0                _sbss = .
                0x00000000200009c0                __bss_start__ = _sbss
 *(.bss)
 .bss           0x00000000200009c0       0x1c /usr/local/gcc_arm/gcc-arm-none-eabi-8-2019-q3-update/bin/../lib/gcc/arm-none-eabi/8.3.1/thumb/v7e-m+fp/hard/crtbegin.o
 *(.bss*)
 .bss.Presence  0x00000000200009dc        0x1 CMakeFiles/final_embebidos_v2.elf.dir/Core/Src/DHT.c.obj
                0x00000000200009dc                Presence
 .bss.Rh_byte1  0x00000000200009dd        0x1 CMakeFiles/final_embebidos_v2.elf.dir/Core/Src/DHT.c.obj
                0x00000000200009dd                Rh_byte1
 .bss.Rh_byte2  0x00000000200009de        0x1 CMakeFiles/final_embebidos_v2.elf.dir/Core/Src/DHT.c.obj
                0x00000000200009de                Rh_byte2
 *fill*         0x00000000200009df        0x1 
 .bss.SUM       0x00000000200009e0        0x2 CMakeFiles/final_embebidos_v2.elf.dir/Core/Src/DHT.c.obj
                0x00000000200009e0                SUM
 .bss.Temp_byte1
                0x00000000200009e2        0x1 CMakeFiles/final_embebidos_v2.elf.dir/Core/Src/DHT.c.obj
                0x00000000200009e2                Temp_byte1
 .bss.Temp_byte2
                0x00000000200009e3        0x1 CMakeFiles/final_embebidos_v2.elf.dir/Core/Src/DHT.c.obj
                0x00000000200009e3                Temp_byte2
 .bss.HTIMx     0x00000000200009e4       0x40 CMakeFiles/final_embebidos_v2.elf.dir/Core/Src/Timer_Delay.c.obj
 .bss.gu32_ticks
                0x0000000020000a24        0x4 CMakeFiles/final_embebidos_v2.elf.dir/Core/Src/Timer_Delay.c.obj
 .bss.GPIO_Echo
                0x0000000020000a28        0x4 CMakeFiles/final_embebidos_v2.elf.dir/Core/Src/hcsr04_sensor.c.obj
                0x0000000020000a28                GPIO_Echo
 .bss.GPIO_PIN_Echo
                0x0000000020000a2c        0x2 CMakeFiles/final_embebidos_v2.elf.dir/Core/Src/hcsr04_sensor.c.obj
                0x0000000020000a2c                GPIO_PIN_Echo
 .bss.GPIO_PIN_Trigger
                0x0000000020000a2e        0x2 CMakeFiles/final_embebidos_v2.elf.dir/Core/Src/hcsr04_sensor.c.obj
                0x0000000020000a2e                GPIO_PIN_Trigger
 .bss.GPIO_Trigger
                0x0000000020000a30        0x4 CMakeFiles/final_embebidos_v2.elf.dir/Core/Src/hcsr04_sensor.c.obj
                0x0000000020000a30                GPIO_Trigger
 .bss.TIM_Delay
                0x0000000020000a34        0x4 CMakeFiles/final_embebidos_v2.elf.dir/Core/Src/hcsr04_sensor.c.obj
                0x0000000020000a34                TIM_Delay
 .bss.TIM_Echo  0x0000000020000a38        0x4 CMakeFiles/final_embebidos_v2.elf.dir/Core/Src/hcsr04_sensor.c.obj
                0x0000000020000a38                TIM_Echo
 .bss.htim_delay
                0x0000000020000a3c       0x40 CMakeFiles/final_embebidos_v2.elf.dir/Core/Src/hcsr04_sensor.c.obj
                0x0000000020000a3c                htim_delay
 .bss.htim_echo
                0x0000000020000a7c       0x40 CMakeFiles/final_embebidos_v2.elf.dir/Core/Src/hcsr04_sensor.c.obj
                0x0000000020000a7c                htim_echo
 .bss.local_time
                0x0000000020000abc        0x4 CMakeFiles/final_embebidos_v2.elf.dir/Core/Src/hcsr04_sensor.c.obj
                0x0000000020000abc                local_time
 .bss.LCD_I2C_SLAVE_ADDRESS
                0x0000000020000ac0        0x1 CMakeFiles/final_embebidos_v2.elf.dir/Core/Src/lcd16x2_i2c.c.obj
 *fill*         0x0000000020000ac1        0x3 
 .bss.lcd16x2_i2cHandle
                0x0000000020000ac4        0x4 CMakeFiles/final_embebidos_v2.elf.dir/Core/Src/lcd16x2_i2c.c.obj
 .bss.BuzzerHandle
                0x0000000020000ac8        0x4 CMakeFiles/final_embebidos_v2.elf.dir/Core/Src/main.c.obj
                0x0000000020000ac8                BuzzerHandle
 .bss.DHT22     0x0000000020000acc        0x8 CMakeFiles/final_embebidos_v2.elf.dir/Core/Src/main.c.obj
                0x0000000020000acc                DHT22
 .bss.DHT_TaskHandle
                0x0000000020000ad4        0x4 CMakeFiles/final_embebidos_v2.elf.dir/Core/Src/main.c.obj
                0x0000000020000ad4                DHT_TaskHandle
 .bss.DisplayHandle
                0x0000000020000ad8        0x4 CMakeFiles/final_embebidos_v2.elf.dir/Core/Src/main.c.obj
                0x0000000020000ad8                DisplayHandle
 .bss.ServoHandle
                0x0000000020000adc        0x4 CMakeFiles/final_embebidos_v2.elf.dir/Core/Src/main.c.obj
                0x0000000020000adc                ServoHandle
 .bss.Temp_QueueHandle
                0x0000000020000ae0        0x4 CMakeFiles/final_embebidos_v2.elf.dir/Core/Src/main.c.obj
                0x0000000020000ae0                Temp_QueueHandle
 .bss.Temp_QueueHandle2
                0x0000000020000ae4        0x4 CMakeFiles/final_embebidos_v2.elf.dir/Core/Src/main.c.obj
                0x0000000020000ae4                Temp_QueueHandle2
 .bss.distance  0x0000000020000ae8        0x4 CMakeFiles/final_embebidos_v2.elf.dir/Core/Src/main.c.obj
                0x0000000020000ae8                distance
 .bss.hi2c1     0x0000000020000aec       0x54 CMakeFiles/final_embebidos_v2.elf.dir/Core/Src/main.c.obj
                0x0000000020000aec                hi2c1
 .bss.htim1     0x0000000020000b40       0x40 CMakeFiles/final_embebidos_v2.elf.dir/Core/Src/main.c.obj
                0x0000000020000b40                htim1
 .bss.htim2     0x0000000020000b80       0x40 CMakeFiles/final_embebidos_v2.elf.dir/Core/Src/main.c.obj
                0x0000000020000b80                htim2
 .bss.htim3     0x0000000020000bc0       0x40 CMakeFiles/final_embebidos_v2.elf.dir/Core/Src/main.c.obj
                0x0000000020000bc0                htim3
 .bss.htim9     0x0000000020000c00       0x40 CMakeFiles/final_embebidos_v2.elf.dir/Core/Src/main.c.obj
                0x0000000020000c00                htim9
 .bss.sensor_time
                0x0000000020000c40        0x4 CMakeFiles/final_embebidos_v2.elf.dir/Core/Src/main.c.obj
                0x0000000020000c40                sensor_time
 .bss.htim10    0x0000000020000c44       0x40 CMakeFiles/final_embebidos_v2.elf.dir/Core/Src/stm32f4xx_hal_timebase_tim.c.obj
                0x0000000020000c44                htim10
 .bss.__sbrk_heap_end
                0x0000000020000c84        0x4 CMakeFiles/final_embebidos_v2.elf.dir/Core/Src/sysmem.c.obj
 .bss.uwTick    0x0000000020000c88        0x4 CMakeFiles/final_embebidos_v2.elf.dir/Drivers/STM32F4xx_HAL_Driver/Src/stm32f4xx_hal.c.obj
                0x0000000020000c88                uwTick
 .bss.Idle_Stack
                0x0000000020000c8c      0x200 CMakeFiles/final_embebidos_v2.elf.dir/Middlewares/Third_Party/FreeRTOS/Source/CMSIS_RTOS_V2/cmsis_os2.c.obj
 .bss.Idle_TCB  0x0000000020000e8c       0x5c CMakeFiles/final_embebidos_v2.elf.dir/Middlewares/Third_Party/FreeRTOS/Source/CMSIS_RTOS_V2/cmsis_os2.c.obj
 .bss.KernelState
                0x0000000020000ee8        0x4 CMakeFiles/final_embebidos_v2.elf.dir/Middlewares/Third_Party/FreeRTOS/Source/CMSIS_RTOS_V2/cmsis_os2.c.obj
 .bss.Timer_Stack
                0x0000000020000eec      0x400 CMakeFiles/final_embebidos_v2.elf.dir/Middlewares/Third_Party/FreeRTOS/Source/CMSIS_RTOS_V2/cmsis_os2.c.obj
 .bss.Timer_TCB
                0x00000000200012ec       0x5c CMakeFiles/final_embebidos_v2.elf.dir/Middlewares/Third_Party/FreeRTOS/Source/CMSIS_RTOS_V2/cmsis_os2.c.obj
 .bss.ucMaxSysCallPriority
                0x0000000020001348        0x1 CMakeFiles/final_embebidos_v2.elf.dir/Middlewares/Third_Party/FreeRTOS/Source/portable/GCC/ARM_CM4F/port.c.obj
 *fill*         0x0000000020001349        0x3 
 .bss.ulMaxPRIGROUPValue
                0x000000002000134c        0x4 CMakeFiles/final_embebidos_v2.elf.dir/Middlewares/Third_Party/FreeRTOS/Source/portable/GCC/ARM_CM4F/port.c.obj
 .bss.pxEnd     0x0000000020001350        0x4 CMakeFiles/final_embebidos_v2.elf.dir/Middlewares/Third_Party/FreeRTOS/Source/portable/MemMang/heap_4.c.obj
 .bss.ucHeap    0x0000000020001354     0x3c00 CMakeFiles/final_embebidos_v2.elf.dir/Middlewares/Third_Party/FreeRTOS/Source/portable/MemMang/heap_4.c.obj
 .bss.xBlockAllocatedBit
                0x0000000020004f54        0x4 CMakeFiles/final_embebidos_v2.elf.dir/Middlewares/Third_Party/FreeRTOS/Source/portable/MemMang/heap_4.c.obj
 .bss.xFreeBytesRemaining
                0x0000000020004f58        0x4 CMakeFiles/final_embebidos_v2.elf.dir/Middlewares/Third_Party/FreeRTOS/Source/portable/MemMang/heap_4.c.obj
 .bss.xMinimumEverFreeBytesRemaining
                0x0000000020004f5c        0x4 CMakeFiles/final_embebidos_v2.elf.dir/Middlewares/Third_Party/FreeRTOS/Source/portable/MemMang/heap_4.c.obj
 .bss.xStart    0x0000000020004f60        0x8 CMakeFiles/final_embebidos_v2.elf.dir/Middlewares/Third_Party/FreeRTOS/Source/portable/MemMang/heap_4.c.obj
 .bss.xQueueRegistry
                0x0000000020004f68       0x40 CMakeFiles/final_embebidos_v2.elf.dir/Middlewares/Third_Party/FreeRTOS/Source/queue.c.obj
                0x0000000020004f68                xQueueRegistry
 .bss.pxCurrentTCB
                0x0000000020004fa8        0x4 CMakeFiles/final_embebidos_v2.elf.dir/Middlewares/Third_Party/FreeRTOS/Source/tasks.c.obj
                0x0000000020004fa8                pxCurrentTCB
 .bss.pxDelayedTaskList
                0x0000000020004fac        0x4 CMakeFiles/final_embebidos_v2.elf.dir/Middlewares/Third_Party/FreeRTOS/Source/tasks.c.obj
 .bss.pxOverflowDelayedTaskList
                0x0000000020004fb0        0x4 CMakeFiles/final_embebidos_v2.elf.dir/Middlewares/Third_Party/FreeRTOS/Source/tasks.c.obj
 .bss.pxReadyTasksLists
                0x0000000020004fb4      0x460 CMakeFiles/final_embebidos_v2.elf.dir/Middlewares/Third_Party/FreeRTOS/Source/tasks.c.obj
 .bss.uxCurrentNumberOfTasks
                0x0000000020005414        0x4 CMakeFiles/final_embebidos_v2.elf.dir/Middlewares/Third_Party/FreeRTOS/Source/tasks.c.obj
 .bss.uxDeletedTasksWaitingCleanUp
                0x0000000020005418        0x4 CMakeFiles/final_embebidos_v2.elf.dir/Middlewares/Third_Party/FreeRTOS/Source/tasks.c.obj
 .bss.uxPendedTicks
                0x000000002000541c        0x4 CMakeFiles/final_embebidos_v2.elf.dir/Middlewares/Third_Party/FreeRTOS/Source/tasks.c.obj
 .bss.uxSchedulerSuspended
                0x0000000020005420        0x4 CMakeFiles/final_embebidos_v2.elf.dir/Middlewares/Third_Party/FreeRTOS/Source/tasks.c.obj
 .bss.uxTaskNumber
                0x0000000020005424        0x4 CMakeFiles/final_embebidos_v2.elf.dir/Middlewares/Third_Party/FreeRTOS/Source/tasks.c.obj
 .bss.uxTopReadyPriority
                0x0000000020005428        0x4 CMakeFiles/final_embebidos_v2.elf.dir/Middlewares/Third_Party/FreeRTOS/Source/tasks.c.obj
 .bss.xDelayedTaskList1
                0x000000002000542c       0x14 CMakeFiles/final_embebidos_v2.elf.dir/Middlewares/Third_Party/FreeRTOS/Source/tasks.c.obj
 .bss.xDelayedTaskList2
                0x0000000020005440       0x14 CMakeFiles/final_embebidos_v2.elf.dir/Middlewares/Third_Party/FreeRTOS/Source/tasks.c.obj
 .bss.xNextTaskUnblockTime
                0x0000000020005454        0x4 CMakeFiles/final_embebidos_v2.elf.dir/Middlewares/Third_Party/FreeRTOS/Source/tasks.c.obj
 .bss.xNumOfOverflows
                0x0000000020005458        0x4 CMakeFiles/final_embebidos_v2.elf.dir/Middlewares/Third_Party/FreeRTOS/Source/tasks.c.obj
 .bss.xPendingReadyList
                0x000000002000545c       0x14 CMakeFiles/final_embebidos_v2.elf.dir/Middlewares/Third_Party/FreeRTOS/Source/tasks.c.obj
 .bss.xSchedulerRunning
                0x0000000020005470        0x4 CMakeFiles/final_embebidos_v2.elf.dir/Middlewares/Third_Party/FreeRTOS/Source/tasks.c.obj
 .bss.xSuspendedTaskList
                0x0000000020005474       0x14 CMakeFiles/final_embebidos_v2.elf.dir/Middlewares/Third_Party/FreeRTOS/Source/tasks.c.obj
 .bss.xTasksWaitingTermination
                0x0000000020005488       0x14 CMakeFiles/final_embebidos_v2.elf.dir/Middlewares/Third_Party/FreeRTOS/Source/tasks.c.obj
 .bss.xTickCount
                0x000000002000549c        0x4 CMakeFiles/final_embebidos_v2.elf.dir/Middlewares/Third_Party/FreeRTOS/Source/tasks.c.obj
 .bss.xYieldPending
                0x00000000200054a0        0x4 CMakeFiles/final_embebidos_v2.elf.dir/Middlewares/Third_Party/FreeRTOS/Source/tasks.c.obj
 .bss.pxCurrentTimerList
                0x00000000200054a4        0x4 CMakeFiles/final_embebidos_v2.elf.dir/Middlewares/Third_Party/FreeRTOS/Source/timers.c.obj
 .bss.pxOverflowTimerList
                0x00000000200054a8        0x4 CMakeFiles/final_embebidos_v2.elf.dir/Middlewares/Third_Party/FreeRTOS/Source/timers.c.obj
 .bss.ucStaticTimerQueueStorage.6930
                0x00000000200054ac       0xa0 CMakeFiles/final_embebidos_v2.elf.dir/Middlewares/Third_Party/FreeRTOS/Source/timers.c.obj
 .bss.xActiveTimerList1
                0x000000002000554c       0x14 CMakeFiles/final_embebidos_v2.elf.dir/Middlewares/Third_Party/FreeRTOS/Source/timers.c.obj
 .bss.xActiveTimerList2
                0x0000000020005560       0x14 CMakeFiles/final_embebidos_v2.elf.dir/Middlewares/Third_Party/FreeRTOS/Source/timers.c.obj
 .bss.xLastTime.6879
                0x0000000020005574        0x4 CMakeFiles/final_embebidos_v2.elf.dir/Middlewares/Third_Party/FreeRTOS/Source/timers.c.obj
 .bss.xStaticTimerQueue.6929
                0x0000000020005578       0x50 CMakeFiles/final_embebidos_v2.elf.dir/Middlewares/Third_Party/FreeRTOS/Source/timers.c.obj
 .bss.xTimerQueue
                0x00000000200055c8        0x4 CMakeFiles/final_embebidos_v2.elf.dir/Middlewares/Third_Party/FreeRTOS/Source/timers.c.obj
 .bss.xTimerTaskHandle
                0x00000000200055cc        0x4 CMakeFiles/final_embebidos_v2.elf.dir/Middlewares/Third_Party/FreeRTOS/Source/timers.c.obj
 .bss.__malloc_current_mallinfo
                0x00000000200055d0       0x28 /usr/local/gcc_arm/gcc-arm-none-eabi-8-2019-q3-update/bin/../lib/gcc/arm-none-eabi/8.3.1/../../../../arm-none-eabi/lib/thumb/v7e-m+fp/hard/libg.a(lib_a-mallocr.o)
                0x00000000200055d0                __malloc_current_mallinfo
 .bss.__malloc_max_sbrked_mem
                0x00000000200055f8        0x4 /usr/local/gcc_arm/gcc-arm-none-eabi-8-2019-q3-update/bin/../lib/gcc/arm-none-eabi/8.3.1/../../../../arm-none-eabi/lib/thumb/v7e-m+fp/hard/libg.a(lib_a-mallocr.o)
                0x00000000200055f8                __malloc_max_sbrked_mem
 .bss.__malloc_max_total_mem
                0x00000000200055fc        0x4 /usr/local/gcc_arm/gcc-arm-none-eabi-8-2019-q3-update/bin/../lib/gcc/arm-none-eabi/8.3.1/../../../../arm-none-eabi/lib/thumb/v7e-m+fp/hard/libg.a(lib_a-mallocr.o)
                0x00000000200055fc                __malloc_max_total_mem
 .bss.__malloc_top_pad
                0x0000000020005600        0x4 /usr/local/gcc_arm/gcc-arm-none-eabi-8-2019-q3-update/bin/../lib/gcc/arm-none-eabi/8.3.1/../../../../arm-none-eabi/lib/thumb/v7e-m+fp/hard/libg.a(lib_a-mallocr.o)
                0x0000000020005600                __malloc_top_pad
 *(COMMON)
 COMMON         0x0000000020005604       0x21 /usr/local/gcc_arm/gcc-arm-none-eabi-8-2019-q3-update/bin/../lib/gcc/arm-none-eabi/8.3.1/../../../../arm-none-eabi/lib/thumb/v7e-m+fp/hard/libg.a(lib_a-lock.o)
                0x0000000020005604                __lock___atexit_recursive_mutex
                0x0000000020005608                __lock___arc4random_mutex
                0x000000002000560c                __lock___env_recursive_mutex
                0x0000000020005610                __lock___sinit_recursive_mutex